------------------------------------------------------------
Timing Analyzer Summary
------------------------------------------------------------

Type  : Slow 1100mV 85C Model Setup 'clk'
Slack : -0.941
TNS   : -17.034

Type  : Slow 1100mV 85C Model Hold 'clk'
Slack : 0.297
TNS   : 0.000

Type  : Slow 1100mV 85C Model Minimum Pulse Width 'clk'
Slack : -0.724
TNS   : -25.634

Type  : Slow 1100mV 0C Model Setup 'clk'
Slack : -0.793
TNS   : -15.943

Type  : Slow 1100mV 0C Model Hold 'clk'
Slack : 0.278
TNS   : 0.000

Type  : Slow 1100mV 0C Model Minimum Pulse Width 'clk'
Slack : -0.724
TNS   : -25.712

Type  : Fast 1100mV 85C Model Setup 'clk'
Slack : 0.296
TNS   : 0.000

Type  : Fast 1100mV 85C Model Hold 'clk'
Slack : 0.148
TNS   : 0.000

Type  : Fast 1100mV 85C Model Minimum Pulse Width 'clk'
Slack : -0.095
TNS   : -2.131

Type  : Fast 1100mV 0C Model Setup 'clk'
Slack : 0.343
TNS   : 0.000

Type  : Fast 1100mV 0C Model Hold 'clk'
Slack : 0.132
TNS   : 0.000

Type  : Fast 1100mV 0C Model Minimum Pulse Width 'clk'
Slack : -0.095
TNS   : -2.140

------------------------------------------------------------
