Archive member included to satisfy reference by file (symbol)

../bladerf_lib\libbladerf_lib.a(BLADERFDEVICES.o)
                              obj/default/main.o (BLADERF_DEVICES::BLADERF_DEVICES())
../bladerf_lib\libbladerf_lib.a(VCTCXOTAMERCLASS.o)
                              ../bladerf_lib\libbladerf_lib.a(BLADERFDEVICES.o) (VCTCXO_TAMER_CLASS::VCTCXO_TAMER_CLASS())
../trobina_controller_lib\libtrobina_controller_lib.a(SPECTRUMSEARCHER.o)
                              obj/default/main.o (SPECTRUM_SEARCHER::SPECTRUM_SEARCHER())
../trobina_controller_lib\libtrobina_controller_lib.a(LEDCONTROLLER.o)
                              ../trobina_controller_lib\libtrobina_controller_lib.a(SPECTRUMSEARCHER.o) (LED_CONTROLLER::LED_CONTROLLER())
../trobina_controller_lib\libtrobina_controller_lib.a(LTC5548HANDLER.o)
                              ../trobina_controller_lib\libtrobina_controller_lib.a(SPECTRUMSEARCHER.o) (LTC5548_HANDLER::LTC5548_HANDLER())
../../../../../Hardware/BladeRF/hdl/quartus/work/bladerf-micro-A4-hosted/software/ad9361_lib\libad9361_lib.a(SENSORREADERCLASS.o)
                              ../trobina_controller_lib\libtrobina_controller_lib.a(SPECTRUMSEARCHER.o) (SENSOR_READER_CLASS::~SENSOR_READER_CLASS())
../../../../../Hardware/BladeRF/hdl/quartus/work/bladerf-micro-A4-hosted/software/ad9361_lib\libad9361_lib.a(ad9361.o)
                              ../../../../../Hardware/BladeRF/hdl/quartus/work/bladerf-micro-A4-hosted/software/ad9361_lib\libad9361_lib.a(SENSORREADERCLASS.o) (ad9361_get_rx_gain)
../../../../../Hardware/BladeRF/hdl/quartus/work/bladerf-micro-A4-hosted/software/ad9361_lib\libad9361_lib.a(ad9361_api.o)
                              ../../../../../Hardware/BladeRF/hdl/quartus/work/bladerf-micro-A4-hosted/software/ad9361_lib\libad9361_lib.a(SENSORREADERCLASS.o) (ad9361_deinit)
../../../../../Hardware/BladeRF/hdl/quartus/work/bladerf-micro-A4-hosted/software/ad9361_lib\libad9361_lib.a(ad9361_conv.o)
                              ../../../../../Hardware/BladeRF/hdl/quartus/work/bladerf-micro-A4-hosted/software/ad9361_lib\libad9361_lib.a(ad9361.o) (ad9361_hdl_loopback)
../../../../../Hardware/BladeRF/hdl/quartus/work/bladerf-micro-A4-hosted/software/ad9361_lib\libad9361_lib.a(ad936x_params.o)
                              ../../../../../Hardware/BladeRF/hdl/quartus/work/bladerf-micro-A4-hosted/software/ad9361_lib\libad9361_lib.a(SENSORREADERCLASS.o) (bladerf2_rfic_init_params)
../../../../../Hardware/BladeRF/hdl/quartus/work/bladerf-micro-A4-hosted/software/ad9361_lib\libad9361_lib.a(platform.o)
                              ../../../../../Hardware/BladeRF/hdl/quartus/work/bladerf-micro-A4-hosted/software/ad9361_lib\libad9361_lib.a(ad9361_api.o) (spi_init)
../../../../../Hardware/BladeRF/hdl/quartus/work/bladerf-micro-A4-hosted/software/ad9361_lib\libad9361_lib.a(util.o)
                              ../../../../../Hardware/BladeRF/hdl/quartus/work/bladerf-micro-A4-hosted/software/ad9361_lib\libad9361_lib.a(ad9361.o) (clk_prepare_enable)
../../../../../Hardware/BladeRF/hdl/quartus/work/bladerf-micro-A4-hosted/software/ad9361_lib\libad9361_lib.a(AD9361_Class.o)
                              ../../../../../Hardware/BladeRF/hdl/quartus/work/bladerf-micro-A4-hosted/software/ad9361_lib\libad9361_lib.a(SENSORREADERCLASS.o) (AD9361_Class::~AD9361_Class())
../../../../../Hardware/BladeRF/hdl/quartus/work/bladerf-micro-A4-hosted/software/ad9361_lib\libad9361_lib.a(BLADERFCOMMONCLASS.o)
                              ../../../../../Hardware/BladeRF/hdl/quartus/work/bladerf-micro-A4-hosted/software/ad9361_lib\libad9361_lib.a(SENSORREADERCLASS.o) (BLADERF_COMMON_CLASS::~BLADERF_COMMON_CLASS())
../../../../../Hardware/BladeRF/hdl/quartus/work/bladerf-micro-A4-hosted/software/ad9361_lib\libad9361_lib.a(RFFEClass.o)
                              ../../../../../Hardware/BladeRF/hdl/quartus/work/bladerf-micro-A4-hosted/software/ad9361_lib\libad9361_lib.a(SENSORREADERCLASS.o) (RFFE_Class::~RFFE_Class())
../../../../../Hardware/BladeRF/hdl/quartus/work/bladerf-micro-A4-hosted/software/ad9361_lib\libad9361_lib.a(adc_core.o)
                              ../../../../../Hardware/BladeRF/hdl/quartus/work/bladerf-micro-A4-hosted/software/ad9361_lib\libad9361_lib.a(platform.o) (adc_init)
../../../../../Hardware/BladeRF/hdl/quartus/work/bladerf-micro-A4-hosted/software/ad9361_lib\libad9361_lib.a(dac_core.o)
                              ../../../../../Hardware/BladeRF/hdl/quartus/work/bladerf-micro-A4-hosted/software/ad9361_lib\libad9361_lib.a(platform.o) (dac_init)
../adf5610_lib\libadf5610_lib.a(ADF5610Driver.o)
                              ../trobina_controller_lib\libtrobina_controller_lib.a(SPECTRUMSEARCHER.o) (ADF5610_Driver::ADF5610_Driver())
../adf5610_lib\libadf5610_lib.a(SPIHandler.o)
                              ../adf5610_lib\libadf5610_lib.a(ADF5610Driver.o) (SPI_Handler::SPI_Handler())
[...]
Memory Configuration

Name             Origin             Length             Attributes
reset            0x0000000000040000 0x0000000000000020
ram              0x0000000000040020 0x000000000003ffe0
*default*        0x0000000000000000 0xffffffffffffffff

Linker script and memory map

LOAD ../trobina_controller_bsp//obj/HAL/src/crt0.o
LOAD obj/default/main.o
LOAD ../adf5610_lib\libadf5610_lib.a
LOAD ../bladerf_lib\libbladerf_lib.a
LOAD ../trobina_controller_lib\libtrobina_controller_lib.a
LOAD ../../../../../Hardware/BladeRF/hdl/quartus/work/bladerf-micro-A4-hosted/software/ad9361_lib\libad9361_lib.a
LOAD ../../../../../Hardware/BladeRF/hdl/quartus/work/bladerf-micro-A4-hosted/software/ad9361_lib\libad9361_lib.a
LOAD ../bladerf_lib\libbladerf_lib.a
LOAD ../adf5610_lib\libadf5610_lib.a
LOAD ../trobina_controller_lib\libtrobina_controller_lib.a
LOAD c:/intelfpga_lite/20.1/nios2eds/bin/gnu/h-x86_64-mingw32/bin/../lib/gcc/nios2-elf/9.2.1/../../../../../H-x86_64-mingw32/nios2-elf/lib/mno-hw-mul\libstdc++.a
LOAD c:/intelfpga_lite/20.1/nios2eds/bin/gnu/h-x86_64-mingw32/bin/../lib/gcc/nios2-elf/9.2.1/../../../../../H-x86_64-mingw32/nios2-elf/lib/mno-hw-mul\libm.a
LOAD c:/intelfpga_lite/20.1/nios2eds/bin/gnu/h-x86_64-mingw32/bin/../lib/gcc/nios2-elf/9.2.1/mno-hw-mul\libgcc.a
START GROUP
LOAD c:/intelfpga_lite/20.1/nios2eds/bin/gnu/h-x86_64-mingw32/bin/../lib/gcc/nios2-elf/9.2.1/../../../../../H-x86_64-mingw32/nios2-elf/lib/mno-hw-mul\libc.a
LOAD c:/intelfpga_lite/20.1/nios2eds/bin/gnu/h-x86_64-mingw32/bin/../lib/gcc/nios2-elf/9.2.1/mno-hw-mul\libgcc.a
LOAD ../trobina_controller_bsp/\libhal_bsp.a
LOAD c:/intelfpga_lite/20.1/nios2eds/bin/gnu/h-x86_64-mingw32/bin/../lib/gcc/nios2-elf/9.2.1/../../../../../H-x86_64-mingw32/nios2-elf/lib/mno-hw-mul\libm.a
END GROUP
LOAD c:/intelfpga_lite/20.1/nios2eds/bin/gnu/h-x86_64-mingw32/bin/../lib/gcc/nios2-elf/9.2.1/mno-hw-mul\libgcc.a
                0x0000000000040000                __alt_mem_ram = 0x40000

.entry          0x0000000000040000       0x20
 *(.entry)
 .entry         0x0000000000040000       0x20 ../trobina_controller_bsp//obj/HAL/src/crt0.o
                0x0000000000040000                __reset

.exceptions     0x0000000000040020      0x160
                0x0000000000040020                PROVIDE (__ram_exceptions_start = ABSOLUTE (.))
                0x0000000000040020                . = ALIGN (0x20)
 *(.irq)
 *(.exceptions.entry.label)
 .exceptions.entry.label
                0x0000000000040020        0x0 ../trobina_controller_bsp/\libhal_bsp.a(alt_irq_entry.o)
                0x0000000000040020                alt_irq_entry
 .exceptions.entry.label
                0x0000000000040020        0x0 ../trobina_controller_bsp/\libhal_bsp.a(alt_exception_entry.o)
                0x0000000000040020                alt_exception
 *(.exceptions.entry.user)
 *(.exceptions.entry.ecc_fatal)
 *(.exceptions.entry)
 .exceptions.entry
                0x0000000000040020       0x54 ../trobina_controller_bsp/\libhal_bsp.a(alt_exception_entry.o)
 *(.exceptions.irqtest.user)
 *(.exceptions.irqtest)
 .exceptions.irqtest
                0x0000000000040074       0x10 ../trobina_controller_bsp/\libhal_bsp.a(alt_irq_entry.o)
 *(.exceptions.irqhandler.user)
 *(.exceptions.irqhandler)
 .exceptions.irqhandler
                0x0000000000040084        0x4 ../trobina_controller_bsp/\libhal_bsp.a(alt_irq_entry.o)
 *(.exceptions.irqreturn.user)
 *(.exceptions.irqreturn)
 .exceptions.irqreturn
                0x0000000000040088        0x4 ../trobina_controller_bsp/\libhal_bsp.a(alt_irq_entry.o)
 *(.exceptions.notirq.label)
 .exceptions.notirq.label
                0x000000000004008c        0x0 ../trobina_controller_bsp/\libhal_bsp.a(alt_irq_entry.o)
 *(.exceptions.notirq.user)
 *(.exceptions.notirq)
 .exceptions.notirq
                0x000000000004008c        0x8 ../trobina_controller_bsp/\libhal_bsp.a(alt_exception_entry.o)
 *(.exceptions.soft.user)
 *(.exceptions.soft)
 *(.exceptions.unknown.user)
 *(.exceptions.unknown)
 .exceptions.unknown
                0x0000000000040094       0x14 ../trobina_controller_bsp/\libhal_bsp.a(alt_exception_entry.o)
 *(.exceptions.exit.label)
 .exceptions.exit.label
                0x00000000000400a8        0x0 ../trobina_controller_bsp/\libhal_bsp.a(alt_irq_entry.o)
 .exceptions.exit.label
                0x00000000000400a8        0x0 ../trobina_controller_bsp/\libhal_bsp.a(alt_exception_entry.o)
 *(.exceptions.exit.user)
 *(.exceptions.exit)
 .exceptions.exit
                0x00000000000400a8       0x54 ../trobina_controller_bsp/\libhal_bsp.a(alt_exception_entry.o)
 *(.exceptions)
 .exceptions    0x00000000000400fc       0x60 ../trobina_controller_bsp/\libhal_bsp.a(alt_irq_handler.o)
                0x00000000000400fc                alt_irq_handler
 .exceptions    0x000000000004015c       0x24 ../trobina_controller_bsp/\libhal_bsp.a(alt_instruction_exception_entry.o)
                0x000000000004015c                alt_instruction_exception_entry
                0x0000000000040180                PROVIDE (__ram_exceptions_end = ABSOLUTE (.))
                0x0000000000040020                PROVIDE (__flash_exceptions_start = LOADADDR (.exceptions))

.text           0x0000000000040180    0x2ce44
                [!provide]                        PROVIDE (stext = ABSOLUTE (.))
 *(.interp)
 *(.hash)
 *(.dynsym)
 *(.dynstr)
 *(.gnu.version)
 *(.gnu.version_d)
 *(.gnu.version_r)
 *(.rel.init)
 *(.rela.init)
 *(.rel.text .rel.text.* .rel.gnu.linkonce.t.*)
 *(.rela.text .rela.text.* .rela.gnu.linkonce.t.*)
 *(.rel.fini)
 *(.rela.fini)
 *(.rel.rodata .rel.rodata.* .rel.gnu.linkonce.r.*)
 *(.rela.rodata .rela.rodata.* .rela.gnu.linkonce.r.*)
 *(.rel.data .rel.data.* .rel.gnu.linkonce.d.*)
 *(.rela.data .rela.data.* .rela.gnu.linkonce.d.*)
 *(.rel.tdata .rel.tdata.* .rel.gnu.linkonce.td.*)
 *(.rela.tdata .rela.tdata.* .rela.gnu.linkonce.td.*)
 *(.rel.tbss .rel.tbss.* .rel.gnu.linkonce.tb.*)
 *(.rela.tbss .rela.tbss.* .rela.gnu.linkonce.tb.*)
 *(.rel.ctors)
 *(.rela.ctors)
 *(.rel.dtors)
 *(.rela.dtors)
 *(.rel.got)
 *(.rela.got)
 *(.rel.sdata .rel.sdata.* .rel.gnu.linkonce.s.*)
 *(.rela.sdata .rela.sdata.* .rela.gnu.linkonce.s.*)
 *(.rel.sbss .rel.sbss.* .rel.gnu.linkonce.sb.*)
 *(.rela.sbss .rela.sbss.* .rela.gnu.linkonce.sb.*)
 *(.rel.sdata2 .rel.sdata2.* .rel.gnu.linkonce.s2.*)
 *(.rela.sdata2 .rela.sdata2.* .rela.gnu.linkonce.s2.*)
 *(.rel.sbss2 .rel.sbss2.* .rel.gnu.linkonce.sb2.*)
 *(.rela.sbss2 .rela.sbss2.* .rela.gnu.linkonce.sb2.*)
 *(.rel.bss .rel.bss.* .rel.gnu.linkonce.b.*)
 *(.rela.bss .rela.bss.* .rela.gnu.linkonce.b.*)
 *(.rel.plt)
 *(.rela.plt)
 *(.rel.dyn)
 *(.init)
 *(.plt)
 *(.text .stub .text.* .gnu.linkonce.t.*)
 .text          0x0000000000040180       0x3c ../trobina_controller_bsp//obj/HAL/src/crt0.o
                0x0000000000040180                _start
 .text          0x00000000000401bc        0x0 obj/default/main.o
 .text.startup  0x00000000000401bc       0x9c obj/default/main.o
                0x00000000000401bc                main
 .text.exit     0x0000000000040258       0x28 obj/default/main.o
 .text          0x0000000000040280      0x4d4 ../bladerf_lib\libbladerf_lib.a(BLADERFDEVICES.o)
                0x0000000000040280                BLADERF_DEVICES::BLADERF_DEVICES()
                0x0000000000040280                BLADERF_DEVICES::BLADERF_DEVICES()
                0x00000000000402c4                BLADERF_DEVICES::~BLADERF_DEVICES()
                0x00000000000402c4                BLADERF_DEVICES::~BLADERF_DEVICES()
                0x00000000000402f8                BLADERF_DEVICES::~BLADERF_DEVICES()
                0x0000000000040334                BLADERF_DEVICES::Init()
                0x0000000000040398                BLADERF_DEVICES::Set_Clock_Prescaler()
                0x00000000000403f0                BLADERF_DEVICES::ina219_read(unsigned char)
                0x00000000000404f0                BLADERF_DEVICES::ina219_write(unsigned char, unsigned short)
                0x00000000000405c4                BLADERF_DEVICES::i2c_complete_transfer(unsigned char)
 .text          0x0000000000040754      0xc58 ../bladerf_lib\libbladerf_lib.a(VCTCXOTAMERCLASS.o)
                0x0000000000040868                VCTCXO_TAMER_CLASS::VCTCXO_TAMER_CLASS()
                0x0000000000040868                VCTCXO_TAMER_CLASS::VCTCXO_TAMER_CLASS()
                0x00000000000408e0                VCTCXO_TAMER_CLASS::~VCTCXO_TAMER_CLASS()
                0x00000000000408e0                VCTCXO_TAMER_CLASS::~VCTCXO_TAMER_CLASS()
                0x0000000000040914                VCTCXO_TAMER_CLASS::~VCTCXO_TAMER_CLASS()
                0x0000000000040950                VCTCXO_TAMER_CLASS::Init()
                0x00000000000409e4                VCTCXO_TAMER_CLASS::vctcxo_tamer_enable_isr(bool)
                0x0000000000040a74                VCTCXO_TAMER_CLASS::vctcxo_tamer_clear_isr()
                0x0000000000040ac0                VCTCXO_TAMER_CLASS::vctcxo_tamer_reset_counters(bool)
                0x0000000000040b50                VCTCXO_TAMER_CLASS::vctcxo_tamer_set_tune_mode(bladerf_vctcxo_tamer_mode)
                0x0000000000040c40                VCTCXO_TAMER_CLASS::vctcxo_tamer_get_tune_mode()
                0x0000000000040c9c                VCTCXO_TAMER_CLASS::vctcxo_tamer_read_count(unsigned char)
                0x0000000000040df4                VCTCXO_TAMER_CLASS::vctcxo_tamer_read(unsigned char)
                0x0000000000040e20                VCTCXO_TAMER_CLASS::vctcxo_tamer_write(unsigned char, unsigned char)
                0x0000000000040e58                VCTCXO_TAMER_CLASS::init_trimdac_cal()
                0x0000000000040eb4                VCTCXO_TAMER_CLASS::Calibration(bool)
                0x00000000000411b0                VCTCXO_TAMER_CLASS::vctcxo_trim_dac_write(unsigned char, unsigned short)
                0x0000000000041240                VCTCXO_TAMER_CLASS::vctcxo_trim_dac_read(unsigned char, unsigned short*)
                0x00000000000412f8                VCTCXO_TAMER_CLASS::ad56x1_vctcxo_trim_dac_write(unsigned short)
                0x0000000000041374                VCTCXO_TAMER_CLASS::ad56x1_vctcxo_trim_dac_read(unsigned short*)
 .text          0x00000000000413ac     0x13cc ../trobina_controller_lib\libtrobina_controller_lib.a(SPECTRUMSEARCHER.o)
                0x00000000000413ac                SPECTRUM_SEARCHER::SPECTRUM_SEARCHER()
                0x00000000000413ac                SPECTRUM_SEARCHER::SPECTRUM_SEARCHER()
                0x0000000000041440                SPECTRUM_SEARCHER::~SPECTRUM_SEARCHER()
                0x0000000000041440                SPECTRUM_SEARCHER::~SPECTRUM_SEARCHER()
                0x0000000000041474                SPECTRUM_SEARCHER::~SPECTRUM_SEARCHER()
                0x00000000000414b0                SPECTRUM_SEARCHER::Init(float)
                0x0000000000041824                SPECTRUM_SEARCHER::start_searching(bool*)
                0x000000000004199c                SPECTRUM_SEARCHER::search_reliable_index()
                0x0000000000041bc0                SPECTRUM_SEARCHER::got_max_index()
                0x0000000000041c94                SPECTRUM_SEARCHER::tx_pll_locked()
                0x0000000000041e24                SPECTRUM_SEARCHER::rx_is_locked()
                0x0000000000042038                SPECTRUM_SEARCHER::next_tx_frequency()
                0x000000000004207c                SPECTRUM_SEARCHER::next_tx_frequency(float)
                0x00000000000420bc                SPECTRUM_SEARCHER::_next_tx_frequency(float)
                0x00000000000423a8                SPECTRUM_SEARCHER::configurate_next_step()
                0x00000000000424fc                SPECTRUM_SEARCHER::configurate_reentry_step()
 .text          0x0000000000042778      0x384 ../trobina_controller_lib\libtrobina_controller_lib.a(LEDCONTROLLER.o)
                0x0000000000042778                LED_CONTROLLER::LED_CONTROLLER()
                0x0000000000042778                LED_CONTROLLER::LED_CONTROLLER()
                0x00000000000427ac                LED_CONTROLLER::~LED_CONTROLLER()
                0x00000000000427ac                LED_CONTROLLER::~LED_CONTROLLER()
                0x00000000000427e0                LED_CONTROLLER::~LED_CONTROLLER()
                0x000000000004281c                LED_CONTROLLER::Init(bool)
                0x00000000000428cc                LED_CONTROLLER::set_leds(unsigned char, bool)
                0x00000000000429d0                LED_CONTROLLER::toogle_leds(unsigned char)
 .text          0x0000000000042afc      0x390 ../trobina_controller_lib\libtrobina_controller_lib.a(LTC5548HANDLER.o)
                0x0000000000042afc                LTC5548_HANDLER::LTC5548_HANDLER()
                0x0000000000042afc                LTC5548_HANDLER::LTC5548_HANDLER()
                0x0000000000042b30                LTC5548_HANDLER::~LTC5548_HANDLER()
                0x0000000000042b30                LTC5548_HANDLER::~LTC5548_HANDLER()
                0x0000000000042b64                LTC5548_HANDLER::~LTC5548_HANDLER()
                0x0000000000042ba0                LTC5548_HANDLER::Init(void*)
                0x0000000000042bf0                LTC5548_HANDLER::Init()
                0x0000000000042c30                LTC5548_HANDLER::Set_Mixer(bool)
                0x0000000000042c84                LTC5548_HANDLER::Start_Mixer()
                0x0000000000042ce8                LTC5548_HANDLER::Stop_Mixer()
                0x0000000000042d24                LTC5548_HANDLER::Set_Enable(bool)
                0x0000000000042da8                LTC5548_HANDLER::Read_ADC_Value()
                0x0000000000042dd0                LTC5548_HANDLER::Read_Index()
                0x0000000000042df8                LTC5548_HANDLER::Check_Mixer()
 .text          0x0000000000042e8c     0x1520 ../../../../../Hardware/BladeRF/hdl/quartus/work/bladerf-micro-A4-hosted/software/ad9361_lib\libad9361_lib.a(SENSORREADERCLASS.o)
                0x0000000000042e8c                SENSOR_READER_CLASS::~SENSOR_READER_CLASS()
                0x0000000000042e8c                SENSOR_READER_CLASS::~SENSOR_READER_CLASS()
                0x0000000000042ee4                non-virtual thunk to SENSOR_READER_CLASS::~SENSOR_READER_CLASS()
                0x0000000000042eec                non-virtual thunk to SENSOR_READER_CLASS::~SENSOR_READER_CLASS()
                0x0000000000042ef4                SENSOR_READER_CLASS::~SENSOR_READER_CLASS()
                0x0000000000042f20                non-virtual thunk to SENSOR_READER_CLASS::~SENSOR_READER_CLASS()
                0x0000000000042f28                non-virtual thunk to SENSOR_READER_CLASS::~SENSOR_READER_CLASS()
                0x0000000000042f30                SENSOR_READER_CLASS::SENSOR_READER_CLASS()
                0x0000000000042f30                SENSOR_READER_CLASS::SENSOR_READER_CLASS()
                0x0000000000043070                SENSOR_READER_CLASS::force_ENSM_RX_mode()
                0x00000000000430b4                SENSOR_READER_CLASS::_reset_rfic(bool)
                0x0000000000043104                SENSOR_READER_CLASS::_rfic_cmd_wr_enable(rfic_state*, int, unsigned long)
                0x0000000000043380                SENSOR_READER_CLASS::enable_port(bool)
                0x0000000000043390                SENSOR_READER_CLASS::_rfic_cmd_rd_enable(rfic_state*, int, unsigned long*)
                0x00000000000433ec                SENSOR_READER_CLASS::_rfic_cmd_wr_samplerate(rfic_state*, int, unsigned long)
                0x0000000000043424                SENSOR_READER_CLASS::_rfic_cmd_rd_samplerate(rfic_state*, int, unsigned long*)
                0x000000000004345c                SENSOR_READER_CLASS::_rfic_cmd_rd_frequency(rfic_state*, int, unsigned long long*)
                0x00000000000434b0                SENSOR_READER_CLASS::is_locked()
                0x0000000000043510                SENSOR_READER_CLASS::_rfic_cmd_wr_bandwidth(rfic_state*, int, unsigned long)
                0x0000000000043548                SENSOR_READER_CLASS::_rfic_cmd_rd_bandwidth(rfic_state*, int, unsigned long*)
                0x0000000000043580                SENSOR_READER_CLASS::_rfic_cmd_wr_gainmode(rfic_state*, int, unsigned long)
                0x000000000004360c                SENSOR_READER_CLASS::_rfic_cmd_rd_gainmode(rfic_state*, int, unsigned long*)
                0x000000000004369c                SENSOR_READER_CLASS::_rfic_cmd_rd_rssi(rfic_state*, int, unsigned long long*)
                0x0000000000043738                SENSOR_READER_CLASS::_rfic_cmd_wr_filter(rfic_state*, int, unsigned long)
                0x00000000000438a8                SENSOR_READER_CLASS::_rfic_cmd_rd_filter(rfic_state*, int, unsigned long*)
                0x0000000000043900                SENSOR_READER_CLASS::configure_rx_path()
                0x0000000000043a2c                SENSOR_READER_CLASS::_rfic_cmd_rd_txmute(rfic_state*, int, unsigned long*)
                0x0000000000043a48                SENSOR_READER_CLASS::_rfic_cmd_wr_fastlock(rfic_state*, int, unsigned long)
                0x0000000000043a80                SENSOR_READER_CLASS::txmute_get(ad9361_rf_phy*, int, bool*)
                0x0000000000043a9c                SENSOR_READER_CLASS::set_ad9361_port_by_freq(ad9361_rf_phy*, int, bool, unsigned long long)
                0x0000000000043b40                SENSOR_READER_CLASS::_rfic_cmd_wr_frequency(rfic_state*, int, unsigned long long)
                0x0000000000043ca8                SENSOR_READER_CLASS::Set_TX_Tone_Frequency(int, unsigned long long)
                0x0000000000043dd4                SENSOR_READER_CLASS::set_frequency(unsigned long long)
                0x0000000000043e40                SENSOR_READER_CLASS::txmute_get_cached(ad9361_rf_phy*, int)
                0x0000000000043e68                SENSOR_READER_CLASS::_rfic_cmd_rd_gain(rfic_state*, int, unsigned long*)
                0x0000000000043f0c                SENSOR_READER_CLASS::txmute_set_cached(ad9361_rf_phy*, int, unsigned long)
                0x0000000000043f38                SENSOR_READER_CLASS::_rfic_cmd_wr_gain(rfic_state*, int, unsigned long)
                0x0000000000043fa0                SENSOR_READER_CLASS::txmute_set(ad9361_rf_phy*, int, bool)
                0x000000000004409c                SENSOR_READER_CLASS::_rfic_cmd_wr_txmute(rfic_state*, int, unsigned long)
                0x00000000000440c0                SENSOR_READER_CLASS::Init()
                0x0000000000044354                SENSOR_READER_CLASS::Init(float)
 .text.startup  0x00000000000443ac       0x24 ../../../../../Hardware/BladeRF/hdl/quartus/work/bladerf-micro-A4-hosted/software/ad9361_lib\libad9361_lib.a(SENSORREADERCLASS.o)
 .text.exit     0x00000000000443d0       0x24 ../../../../../Hardware/BladeRF/hdl/quartus/work/bladerf-micro-A4-hosted/software/ad9361_lib\libad9361_lib.a(SENSORREADERCLASS.o)
 .text          0x00000000000443f4     0x8fe4 ../../../../../Hardware/BladeRF/hdl/quartus/work/bladerf-micro-A4-hosted/software/ad9361_lib\libad9361_lib.a(ad9361.o)
                0x0000000000044464                ad9361_spi_readm
                0x00000000000445a4                ad9361_spi_read
                0x00000000000445cc                ad9361_spi_write
                0x0000000000046c94                ad9361_validate_rf_bw
                0x0000000000046cc4                ad9361_validate_rfpll(ad9361_rf_phy*, unsigned long long)
                0x0000000000046e84                ad9361_find_opt
                0x00000000000473d4                ad9361_1rx1tx_channel_map
                0x0000000000047408                ad9361_reset
                0x00000000000474a4                ad9361_en_dis_tx
                0x0000000000047534                ad9361_en_dis_rx
                0x0000000000047590                ad9361_bist_loopback
                0x00000000000476b0                ad9361_get_bist_loopback
                0x00000000000476bc                ad9361_bist_prbs
                0x00000000000476ec                ad9361_get_bist_prbs
                0x00000000000476f8                ad9361_bist_tone
                0x000000000004781c                ad9361_get_bist_tone
                0x0000000000047844                ad9361_to_clk
                0x0000000000047854                ad9361_from_clk
                0x0000000000047860                ad9361_set_tx_atten
                0x0000000000047978                ad9361_get_tx_atten
                0x00000000000479d4                ad9361_tx_mute
                0x0000000000047aa4                ad9361_get_rx_gain
                0x0000000000047c68                ad9361_ensm_force_state
                0x0000000000047d88                ad9361_ensm_restore_prev_state
                0x0000000000047e60                ad9361_set_rx_gain
                0x0000000000047f84                ad9361_init_gain_tables
                0x0000000000047ff0                ad9361_set_gain_ctrl_mode
                0x00000000000480f8                ad9361_read_rssi
                0x00000000000481f4                ad9361_tracking_control
                0x0000000000048318                ad9361_set_dcxo_tune
                0x0000000000048374                ad9361_rf_port_setup
                0x0000000000048424                ad9361_auxdac_get(ad9361_rf_phy*, long)
                0x000000000004844c                ad9361_get_temp(ad9361_rf_phy*)
                0x00000000000484ec                ad9361_get_auxadc(ad9361_rf_phy*)
                0x0000000000048588                ad9361_ensm_set_state
                0x0000000000048900                ad9361_set_trx_clock_chain
                0x0000000000048b68                ad9361_get_trx_clock_chain
                0x0000000000048c28                ad9361_calculate_rf_clock_chain
                0x0000000000048fa0                ad9361_set_trx_clock_chain_freq
                0x0000000000048ff0                ad9361_set_ensm_mode
                0x00000000000490ac                ad9361_fastlock_load
                0x00000000000491e0                ad9361_fastlock_store
                0x000000000004950c                ad9361_fastlock_recall
                0x0000000000049724                ad9361_fastlock_save
                0x00000000000497a0                ad9361_mcs
                0x0000000000049974                ad9361_clear_state(ad9361_rf_phy*)
                0x00000000000499dc                ad9361_do_calib_run
                0x0000000000049ab4                ad9361_update_rf_bandwidth
                0x0000000000049b64                ad9361_load_fir_filter_coef
                0x0000000000049e4c                ad9361_validate_enable_fir
                0x000000000004a054                ad9361_clk_factor_recalc_rate
                0x000000000004a2fc                ad9361_clk_factor_round_rate
                0x000000000004a3ac                ad9361_clk_factor_set_rate
                0x000000000004a42c                ad9361_bbpll_recalc_rate
                0x000000000004a4d0                ad9361_bbpll_round_rate
                0x000000000004a5d8                ad9361_bbpll_set_rate
                0x000000000004a7ec                ad9361_rfpll_int_recalc_rate
                0x000000000004a9f8                ad9361_rfpll_int_round_rate
                0x000000000004aa40                ad9361_rfpll_int_set_rate
                0x000000000004afa0                ad9361_rfpll_dummy_recalc_rate
                0x000000000004afc0                ad9361_rfpll_dummy_set_rate
                0x000000000004afe4                ad9361_rfpll_recalc_rate
                0x000000000004b24c                ad9361_rfpll_round_rate
                0x000000000004b32c                ad9361_rfpll_set_rate
                0x000000000004b648                ad9361_clk_mux_set_parent
                0x000000000004b8a4                ad9361_setup
                0x000000000004cef8                register_clocks
                0x000000000004d0cc                ad9361_rssi_gain_step_calib
 .text          0x000000000004d3d8     0x22a4 ../../../../../Hardware/BladeRF/hdl/quartus/work/bladerf-micro-A4-hosted/software/ad9361_lib\libad9361_lib.a(ad9361_api.o)
                0x000000000004d3d8                ad9361_init
                0x000000000004e0f0                ad9361_deinit
                0x000000000004e1bc                ad9361_set_en_state_machine_mode
                0x000000000004e2ac                ad9361_get_en_state_machine_mode
                0x000000000004e3ec                ad9361_set_rx_rf_gain
                0x000000000004e48c                ad9361_get_rx_rf_gain
                0x000000000004e530                ad9361_set_rx_rf_bandwidth
                0x000000000004e57c                ad9361_get_rx_rf_bandwidth
                0x000000000004e58c                ad9361_set_rx_sampling_freq
                0x000000000004e5ec                ad9361_get_rx_sampling_freq
                0x000000000004e61c                ad9361_set_rx_lo_freq
                0x000000000004e660                ad9361_get_rx_lo_freq
                0x000000000004e69c                ad9361_set_rx_lo_int_ext
                0x000000000004e6ec                ad9361_get_rx_rssi
                0x000000000004e780                ad9361_set_rx_gain_control_mode
                0x000000000004e820                ad9361_get_rx_gain_control_mode
                0x000000000004e838                ad9361_set_rx_fir_config
                0x000000000004e870                ad9361_get_rx_fir_config
                0x000000000004e9b4                ad9361_set_rx_fir_en_dis
                0x000000000004ea00                ad9361_get_rx_fir_en_dis
                0x000000000004ea14                ad9361_set_rx_rfdc_track_en_dis
                0x000000000004ea3c                ad9361_get_rx_rfdc_track_en_dis
                0x000000000004ea4c                ad9361_set_rx_bbdc_track_en_dis
                0x000000000004ea74                ad9361_get_rx_bbdc_track_en_dis
                0x000000000004ea84                ad9361_set_rx_quad_track_en_dis
                0x000000000004eaac                ad9361_get_rx_quad_track_en_dis
                0x000000000004eabc                ad9361_set_rx_rf_port_input
                0x000000000004ead4                ad9361_get_rx_rf_port_input
                0x000000000004eae8                ad9361_rx_fastlock_store
                0x000000000004eaf4                ad9361_rx_fastlock_recall
                0x000000000004eb00                ad9361_rx_fastlock_load
                0x000000000004eb10                ad9361_rx_fastlock_save
                0x000000000004eb20                ad9361_set_tx_attenuation
                0x000000000004ebb0                ad9361_get_tx_attenuation
                0x000000000004ec38                ad9361_set_tx_rf_bandwidth
                0x000000000004ec84                ad9361_get_tx_rf_bandwidth
                0x000000000004ec94                ad9361_set_tx_sampling_freq
                0x000000000004ec98                ad9361_get_tx_sampling_freq
                0x000000000004ecc8                ad9361_set_tx_lo_freq
                0x000000000004ed0c                ad9361_get_tx_lo_freq
                0x000000000004ed48                ad9361_set_tx_lo_int_ext
                0x000000000004ed98                ad9361_set_tx_fir_config
                0x000000000004edcc                ad9361_get_tx_fir_config
                0x000000000004eef8                ad9361_set_tx_fir_en_dis
                0x000000000004ef44                ad9361_get_tx_fir_en_dis
                0x000000000004ef58                ad9361_get_tx_rssi
                0x000000000004f02c                ad9361_set_tx_rf_port_output
                0x000000000004f044                ad9361_get_tx_rf_port_output
                0x000000000004f058                ad9361_set_tx_auto_cal_en_dis
                0x000000000004f078                ad9361_get_tx_auto_cal_en_dis
                0x000000000004f088                ad9361_tx_fastlock_store
                0x000000000004f094                ad9361_tx_fastlock_recall
                0x000000000004f0a0                ad9361_tx_fastlock_load
                0x000000000004f0b0                ad9361_tx_fastlock_save
                0x000000000004f0c0                ad9361_set_trx_path_clks
                0x000000000004f104                ad9361_get_trx_path_clks
                0x000000000004f108                ad9361_set_no_ch_mode
                0x000000000004f3ac                ad9361_do_mcs
                0x000000000004f4bc                ad9361_set_trx_fir_en_dis
                0x000000000004f518                ad9361_set_trx_rate_gov
                0x000000000004f534                ad9361_get_trx_rate_gov
                0x000000000004f544                ad9361_do_calib
                0x000000000004f548                ad9361_trx_load_enable_fir
                0x000000000004f658                ad9361_do_dcxo_tune_coarse
                0x000000000004f668                ad9361_do_dcxo_tune_fine
 .text          0x000000000004f67c      0xee4 ../../../../../Hardware/BladeRF/hdl/quartus/work/bladerf-micro-A4-hosted/software/ad9361_lib\libad9361_lib.a(ad9361_conv.o)
                0x000000000004f814                ad9361_hdl_loopback
                0x000000000004f954                ad9361_dig_interface_timing_analysis
                0x000000000004fc10                ad9361_dig_tune
                0x000000000005037c                ad9361_post_setup
 .text          0x0000000000050560        0x0 ../../../../../Hardware/BladeRF/hdl/quartus/work/bladerf-micro-A4-hosted/software/ad9361_lib\libad9361_lib.a(ad936x_params.o)
 .text          0x0000000000050560      0x424 ../../../../../Hardware/BladeRF/hdl/quartus/work/bladerf-micro-A4-hosted/software/ad9361_lib\libad9361_lib.a(platform.o)
                0x0000000000050560                spi_init
                0x0000000000050574                spi_write
                0x0000000000050618                spi_read
                0x00000000000506ac                gpio_init
                0x00000000000506bc                gpio_is_valid
                0x00000000000506cc                gpio_set_value
                0x0000000000050734                udelay
                0x0000000000050738                mdelay
                0x0000000000050758                msleep_interruptible
                0x0000000000050780                axiadc_init
                0x00000000000507c8                axiadc_post_setup
                0x00000000000507cc                axiadc_read
                0x0000000000050800                axiadc_write
                0x0000000000050824                axiadc_set_pnsel
                0x00000000000508fc                axiadc_idelay_set
 .text          0x0000000000050984      0x734 ../../../../../Hardware/BladeRF/hdl/quartus/work/bladerf-micro-A4-hosted/software/ad9361_lib\libad9361_lib.a(util.o)
                0x0000000000050984                clk_prepare_enable
                0x000000000005098c                clk_get_rate
                0x0000000000050a88                clk_set_rate
                0x0000000000050eb4                int_sqrt
                0x0000000000050ef4                ilog2
                0x0000000000050f88                do_div
                0x0000000000051008                find_first_bit
                0x0000000000051060                ERR_PTR
                0x0000000000051068                zmalloc
 .text          0x00000000000510b8      0x704 ../../../../../Hardware/BladeRF/hdl/quartus/work/bladerf-micro-A4-hosted/software/ad9361_lib\libad9361_lib.a(AD9361_Class.o)
                0x00000000000510b8                AD9361_Class::~AD9361_Class()
                0x00000000000510b8                AD9361_Class::~AD9361_Class()
                0x00000000000510bc                AD9361_Class::~AD9361_Class()
                0x00000000000510c4                AD9361_Class::AD9361_Class()
                0x00000000000510c4                AD9361_Class::AD9361_Class()
                0x00000000000510f8                AD9361_Class::Init()
                0x0000000000051148                AD9361_Class::Init(ad9361_rf_phy*, void*)
                0x0000000000051194                AD9361_Class::Get_rf_phy()
                0x000000000005119c                AD9361_Class::Set_RX_PLL_Frequency(unsigned long long)
                0x00000000000511ac                AD9361_Class::Set_TX_PLL_Frequency(unsigned long long)
                0x00000000000511bc                AD9361_Class::Get_RX_PLL_Frequency()
                0x00000000000511f0                AD9361_Class::Set_TX_Tone_Frequency(unsigned long long)
                0x0000000000051270                AD9361_Class::IsLocked()
                0x00000000000512b0                AD9361_Class::get_ensm_mode()
                0x00000000000512e0                AD9361_Class::set_ensm_mode(unsigned long)
                0x0000000000051300                AD9361_Class::spi_read(unsigned short)
                0x00000000000513b4                AD9361_Class::spi_write(unsigned short, unsigned long long)
                0x0000000000051474                AD9361_Class::axi_read(unsigned short)
                0x0000000000051488                AD9361_Class::axi_write(unsigned short, unsigned long)
                0x000000000005149c                AD9361_Class::fastlock_save(bool, unsigned char, unsigned short)
                0x00000000000515bc                AD9361_Class::fastlock_load(int, fastlock_profile*)
                0x000000000005171c                AD9361_Class::fastlock_recall(int, fastlock_profile*)
                0x000000000005174c                AD9361_Class::rfport_select(fastlock_profile*)
 .text          0x00000000000517bc      0x334 ../../../../../Hardware/BladeRF/hdl/quartus/work/bladerf-micro-A4-hosted/software/ad9361_lib\libad9361_lib.a(BLADERFCOMMONCLASS.o)
                0x00000000000517bc                BLADERF_COMMON_CLASS::~BLADERF_COMMON_CLASS()
                0x00000000000517bc                BLADERF_COMMON_CLASS::~BLADERF_COMMON_CLASS()
                0x00000000000517c0                BLADERF_COMMON_CLASS::~BLADERF_COMMON_CLASS()
                0x00000000000517c8                BLADERF_COMMON_CLASS::BLADERF_COMMON_CLASS()
                0x00000000000517c8                BLADERF_COMMON_CLASS::BLADERF_COMMON_CLASS()
                0x00000000000517d8                BLADERF_COMMON_CLASS::errno_ad9361_to_bladerf(int)
                0x00000000000517e0                BLADERF_COMMON_CLASS::_get_rffe_control_bit_for_dir(bladerf_direction)
                0x0000000000051804                BLADERF_COMMON_CLASS::_get_rffe_control_bit_for_ch(int)
                0x000000000005181c                BLADERF_COMMON_CLASS::_rffe_ch_enabled(unsigned long, int)
                0x000000000005183c                BLADERF_COMMON_CLASS::_rffe_dir_enabled(unsigned long, bladerf_direction)
                0x000000000005186c                BLADERF_COMMON_CLASS::_rffe_dir_otherwise_enabled(unsigned long, int)
                0x00000000000518bc                BLADERF_COMMON_CLASS::is_within_range(bladerf_range const*, long long)
                0x00000000000518f4                BLADERF_COMMON_CLASS::_get_band_port_map_by_freq(int, unsigned long long)
                0x0000000000051988                BLADERF_COMMON_CLASS::_modify_spdt_bits_by_freq(unsigned long*, int, bool, unsigned long long)
                0x0000000000051a28                BLADERF_COMMON_CLASS::clamp_to_range(bladerf_range const*, long long)
 .text          0x0000000000051af0       0xf4 ../../../../../Hardware/BladeRF/hdl/quartus/work/bladerf-micro-A4-hosted/software/ad9361_lib\libad9361_lib.a(RFFEClass.o)
                0x0000000000051af0                RFFE_Class::~RFFE_Class()
                0x0000000000051af0                RFFE_Class::~RFFE_Class()
                0x0000000000051af4                RFFE_Class::~RFFE_Class()
                0x0000000000051afc                RFFE_Class::RFFE_Class()
                0x0000000000051afc                RFFE_Class::RFFE_Class()
                0x0000000000051b0c                RFFE_Class::_clear_ctrl()
                0x0000000000051b2c                RFFE_Class::set_enable(bool)
                0x0000000000051b58                RFFE_Class::set_txnrx(bool)
                0x0000000000051b84                RFFE_Class::csr_read()
                0x0000000000051b90                RFFE_Class::csr_write(unsigned long)
                0x0000000000051b9c                RFFE_Class::rfspdt_select(int, fastlock_profile*)
 .text          0x0000000000051be4      0x3b8 ../../../../../Hardware/BladeRF/hdl/quartus/work/bladerf-micro-A4-hosted/software/ad9361_lib\libad9361_lib.a(adc_core.o)
                0x0000000000051be4                adc_read
                0x0000000000051bec                adc_write
                0x0000000000051bf4                adc_init
                0x0000000000051c98                adc_set_calib_scale_phase(ad9361_rf_phy*, unsigned long, unsigned long, long, long)
                0x0000000000051dd8                adc_get_calib_scale_phase(ad9361_rf_phy*, unsigned long, unsigned long, long*, long*)
                0x0000000000051efc                adc_set_calib_scale
                0x0000000000051f24                adc_get_calib_scale
                0x0000000000051f4c                adc_set_calib_phase
                0x0000000000051f74                adc_get_calib_phase
 .text          0x0000000000051f9c      0xbe0 ../../../../../Hardware/BladeRF/hdl/quartus/work/bladerf-micro-A4-hosted/software/ad9361_lib\libad9361_lib.a(dac_core.o)
                0x0000000000051f9c                dac_read(ad9361_rf_phy*, unsigned long, unsigned long*)
                0x0000000000051fa8                dac_write(ad9361_rf_phy*, unsigned long, unsigned long)
                0x0000000000051fb4                dac_stop(ad9361_rf_phy*)
                0x0000000000051fd8                dac_start_sync(ad9361_rf_phy*, bool)
                0x0000000000052018                dds_set_frequency
                0x0000000000052118                dds_set_phase
                0x0000000000052218                dds_set_scale
                0x000000000005243c                dds_update
                0x00000000000524c8                dac_datasel
                0x00000000000525a4                dac_init
                0x00000000000527f8                dds_to_signed_mag_fmt(long, long)
                0x0000000000052898                dds_from_signed_mag_fmt(unsigned long, long*, long*)
                0x0000000000052958                dds_set_calib_scale_phase(ad9361_rf_phy*, unsigned long, unsigned long, long, long)
                0x0000000000052a44                dds_get_calib_scale_phase(ad9361_rf_phy*, unsigned long, unsigned long, long*, long*)
                0x0000000000052adc                dds_set_calib_scale
                0x0000000000052b04                dds_get_calib_scale
                0x0000000000052b2c                dds_set_calib_phase
                0x0000000000052b54                dds_get_calib_phase
 .text          0x0000000000052b7c     0x1af0 ../adf5610_lib\libadf5610_lib.a(ADF5610Driver.o)
                0x0000000000052b7c                ADF5610_Driver::ADF5610_Driver()
                0x0000000000052b7c                ADF5610_Driver::ADF5610_Driver()
                0x0000000000052c80                ADF5610_Driver::~ADF5610_Driver()
                0x0000000000052c80                ADF5610_Driver::~ADF5610_Driver()
                0x0000000000052cb4                ADF5610_Driver::~ADF5610_Driver()
                0x0000000000052cf0                ADF5610_Driver::Init()
                0x0000000000052d44                ADF5610_Driver::InitPLL()
                0x0000000000052dfc                ADF5610_Driver::SetNextFrequency()
                0x0000000000052e30                ADF5610_Driver::SetFrequency(double)
                0x0000000000052e88                ADF5610_Driver::ShowRegisters(int)
                0x0000000000052fa4                ADF5610_Driver::LockDetect()
                0x0000000000053010                ADF5610_Driver::IsLocked()
                0x0000000000053080                ADF5610_Driver::WriteRegisters(unsigned char)
                0x00000000000532cc                ADF5610_Driver::ConvertU32FourByteArray(unsigned char*, unsigned long)
                0x0000000000053344                ADF5610_Driver::ReadRegisters(unsigned char)
                0x00000000000533a0                ADF5610_Driver::InitiateRegisters()
                0x00000000000536c0                ADF5610_Driver::CompleteConfigurationFlow(unsigned int)
                0x00000000000537b4                ADF5610_Driver::ShortConfigurationFlow()
                0x000000000005380c                ADF5610_Driver::WriteSubVCO()
                0x000000000005385c                ADF5610_Driver::ReadAllRegisters()
                0x00000000000538bc                ADF5610_Driver::GCD(long, long)
                0x0000000000053960                ADF5610_Driver::Flipper(unsigned long)
                0x0000000000053a78                ADF5610_Driver::CalculateVCOValues()
                0x0000000000054150                ADF5610_Driver::CalculateGCD(long, long)
                0x00000000000541f8                ADF5610_Driver::SelfTest(unsigned char)
 .text._ZN11SPI_Handler5WriteEPhm
                0x000000000005466c       0x40 ../adf5610_lib\libadf5610_lib.a(ADF5610Driver.o)
                0x000000000005466c                SPI_Handler::Write(unsigned char*, unsigned long)
 .text._ZSt3logIiEN9__gnu_cxx11__enable_ifIXsrSt12__is_integerIT_E7__valueEdE6__typeES3_
                0x00000000000546ac       0x5c ../adf5610_lib\libadf5610_lib.a(ADF5610Driver.o)
                0x00000000000546ac                __gnu_cxx::__enable_if<std::__is_integer<int>::__value, double>::__type std::log<int>(int)
 .text._ZSt3powIiiEN9__gnu_cxx11__promote_2IT_T0_NS0_9__promoteIS2_XsrSt12__is_integerIS2_E7__valueEE6__typeENS4_IS3_XsrS5_IS3_E7__valueEE6__typeEE6__typeES2_S3_
                0x0000000000054708       0x88 ../adf5610_lib\libadf5610_lib.a(ADF5610Driver.o)
                0x0000000000054708                __gnu_cxx::__promote_2<int, int, __gnu_cxx::__promote<int, std::__is_integer<int>::__value>::__type, __gnu_cxx::__promote<int, std::__is_integer<int>::__value>::__type>::__type std::pow<int, int>(int, int)
 .text          0x0000000000054790      0x700 ../adf5610_lib\libadf5610_lib.a(SPIHandler.o)
                0x0000000000054790                SPI_Handler::SPI_Handler()
                0x0000000000054790                SPI_Handler::SPI_Handler()
                0x00000000000547dc                SPI_Handler::~SPI_Handler()
                0x00000000000547dc                SPI_Handler::~SPI_Handler()
                0x0000000000054810                SPI_Handler::~SPI_Handler()
                0x000000000005484c                SPI_Handler::Init(unsigned long, unsigned long)
                0x0000000000054890                SPI_Handler::Open()
                0x00000000000548cc                SPI_Handler::Close()
                0x0000000000054904                SPI_Handler::SetCS(bool)
                0x0000000000054968                SPI_Handler::WriteData(unsigned char*, unsigned long)
                0x0000000000054af0                SPI_Handler::TransferData(unsigned char*, unsigned long)
                0x0000000000054b6c                SPI_Handler::TransferData(unsigned char*, unsigned char*, unsigned long)
                0x0000000000054bf0                SPI_Handler::TransferData(unsigned char*, unsigned long, unsigned char*, unsigned long)
                0x0000000000054c74                SPI_Handler::ReadData(unsigned char*, unsigned char*, unsigned long)
                0x0000000000054cf8                SPI_Handler::ReadData(unsigned char*, unsigned long)
 .text          0x0000000000054e90        0x0 c:/intelfpga_lite/20.1/nios2eds/bin/gnu/h-x86_64-mingw32/bin/../lib/gcc/nios2-elf/9.2.1/../../../../../H-x86_64-mingw32/nios2-elf/lib/mno-hw-mul\libstdc++.a(class_type_info.o)
 .text._ZNK10__cxxabiv117__class_type_info11__do_upcastEPKS0_PPv
                0x0000000000054e90       0x78 c:/intelfpga_lite/20.1/nios2eds/bin/gnu/h-x86_64-mingw32/bin/../lib/gcc/nios2-elf/9.2.1/../../../../../H-x86_64-mingw32/nios2-elf/lib/mno-hw-mul\libstdc++.a(class_type_info.o)
                0x0000000000054e90                __cxxabiv1::__class_type_info::__do_upcast(__cxxabiv1::__class_type_info const*, void**) const
 .text._ZNK10__cxxabiv117__class_type_info20__do_find_public_srcEiPKvPKS0_S2_
                0x0000000000054f08       0x18 c:/intelfpga_lite/20.1/nios2eds/bin/gnu/h-x86_64-mingw32/bin/../lib/gcc/nios2-elf/9.2.1/../../../../../H-x86_64-mingw32/nios2-elf/lib/mno-hw-mul\libstdc++.a(class_type_info.o)
                0x0000000000054f08                __cxxabiv1::__class_type_info::__do_find_public_src(int, void const*, __cxxabiv1::__class_type_info const*, void const*) const
 .text._ZN10__cxxabiv117__class_type_infoD2Ev
                0x0000000000054f20       0x10 c:/intelfpga_lite/20.1/nios2eds/bin/gnu/h-x86_64-mingw32/bin/../lib/gcc/nios2-elf/9.2.1/../../../../../H-x86_64-mingw32/nios2-elf/lib/mno-hw-mul\libstdc++.a(class_type_info.o)
                0x0000000000054f20                __cxxabiv1::__class_type_info::~__class_type_info()
                0x0000000000054f20                __cxxabiv1::__class_type_info::~__class_type_info()
 .text._ZN10__cxxabiv117__class_type_infoD0Ev
                0x0000000000054f30       0x38 c:/intelfpga_lite/20.1/nios2eds/bin/gnu/h-x86_64-mingw32/bin/../lib/gcc/nios2-elf/9.2.1/../../../../../H-x86_64-mingw32/nios2-elf/lib/mno-hw-mul\libstdc++.a(class_type_info.o)
                0x0000000000054f30                __cxxabiv1::__class_type_info::~__class_type_info()
 .text._ZNK10__cxxabiv117__class_type_info12__do_dyncastEiNS0_10__sub_kindEPKS0_PKvS3_S5_RNS0_16__dyncast_resultE
                0x0000000000054f68       0xc4 c:/intelfpga_lite/20.1/nios2eds/bin/gnu/h-x86_64-mingw32/bin/../lib/gcc/nios2-elf/9.2.1/../../../../../H-x86_64-mingw32/nios2-elf/lib/mno-hw-mul\libstdc++.a(class_type_info.o)
                0x0000000000054f68                __cxxabiv1::__class_type_info::__do_dyncast(int, __cxxabiv1::__class_type_info::__sub_kind, __cxxabiv1::__class_type_info const*, void const*, __cxxabiv1::__class_type_info const*, void const*, __cxxabiv1::__class_type_info::__dyncast_result&) const
 .text._ZNK10__cxxabiv117__class_type_info11__do_upcastEPKS0_PKvRNS0_15__upcast_resultE
                0x000000000005502c       0x6c c:/intelfpga_lite/20.1/nios2eds/bin/gnu/h-x86_64-mingw32/bin/../lib/gcc/nios2-elf/9.2.1/../../../../../H-x86_64-mingw32/nios2-elf/lib/mno-hw-mul\libstdc++.a(class_type_info.o)
                0x000000000005502c                __cxxabiv1::__class_type_info::__do_upcast(__cxxabiv1::__class_type_info const*, void const*, __cxxabiv1::__class_type_info::__upcast_result&) const
 .text._ZNK10__cxxabiv117__class_type_info10__do_catchEPKSt9type_infoPPvj
                0x0000000000055098       0xa8 c:/intelfpga_lite/20.1/nios2eds/bin/gnu/h-x86_64-mingw32/bin/../lib/gcc/nios2-elf/9.2.1/../../../../../H-x86_64-mingw32/nios2-elf/lib/mno-hw-mul\libstdc++.a(class_type_info.o)
                0x0000000000055098                __cxxabiv1::__class_type_info::__do_catch(std::type_info const*, void**, unsigned int) const
 .text          0x0000000000055140        0x0 c:/intelfpga_lite/20.1/nios2eds/bin/gnu/h-x86_64-mingw32/bin/../lib/gcc/nios2-elf/9.2.1/../../../../../H-x86_64-mingw32/nios2-elf/lib/mno-hw-mul\libstdc++.a(del_ops.o)
 .text._ZdlPvj  0x0000000000055140        0x4 c:/intelfpga_lite/20.1/nios2eds/bin/gnu/h-x86_64-mingw32/bin/../lib/gcc/nios2-elf/9.2.1/../../../../../H-x86_64-mingw32/nios2-elf/lib/mno-hw-mul\libstdc++.a(del_ops.o)
                0x0000000000055140                operator delete(void*, unsigned int)
 .text          0x0000000000055144        0x0 c:/intelfpga_lite/20.1/nios2eds/bin/gnu/h-x86_64-mingw32/bin/../lib/gcc/nios2-elf/9.2.1/../../../../../H-x86_64-mingw32/nios2-elf/lib/mno-hw-mul\libstdc++.a(eh_personality.o)
 .text._ZL16get_adjusted_ptrPKSt9type_infoS1_PPv
                0x0000000000055144       0x90 c:/intelfpga_lite/20.1/nios2eds/bin/gnu/h-x86_64-mingw32/bin/../lib/gcc/nios2-elf/9.2.1/../../../../../H-x86_64-mingw32/nios2-elf/lib/mno-hw-mul\libstdc++.a(eh_personality.o)
 .text._ZL28read_encoded_value_with_basehjPKhPj
                0x00000000000551d4      0x1e8 c:/intelfpga_lite/20.1/nios2eds/bin/gnu/h-x86_64-mingw32/bin/../lib/gcc/nios2-elf/9.2.1/../../../../../H-x86_64-mingw32/nios2-elf/lib/mno-hw-mul\libstdc++.a(eh_personality.o)
 .text._ZL15get_ttype_entryP16lsda_header_infom
                0x00000000000553bc       0x94 c:/intelfpga_lite/20.1/nios2eds/bin/gnu/h-x86_64-mingw32/bin/../lib/gcc/nios2-elf/9.2.1/../../../../../H-x86_64-mingw32/nios2-elf/lib/mno-hw-mul\libstdc++.a(eh_personality.o)
 .text._ZL20check_exception_specP16lsda_header_infoPKSt9type_infoPvl
                0x0000000000055450       0xa0 c:/intelfpga_lite/20.1/nios2eds/bin/gnu/h-x86_64-mingw32/bin/../lib/gcc/nios2-elf/9.2.1/../../../../../H-x86_64-mingw32/nios2-elf/lib/mno-hw-mul\libstdc++.a(eh_personality.o)
 .text._ZL21base_of_encoded_valuehP15_Unwind_Context
                0x00000000000554f0       0x70 c:/intelfpga_lite/20.1/nios2eds/bin/gnu/h-x86_64-mingw32/bin/../lib/gcc/nios2-elf/9.2.1/../../../../../H-x86_64-mingw32/nios2-elf/lib/mno-hw-mul\libstdc++.a(eh_personality.o)
 .text._ZL17parse_lsda_headerP15_Unwind_ContextPKhP16lsda_header_info
                0x0000000000055560      0x12c c:/intelfpga_lite/20.1/nios2eds/bin/gnu/h-x86_64-mingw32/bin/../lib/gcc/nios2-elf/9.2.1/../../../../../H-x86_64-mingw32/nios2-elf/lib/mno-hw-mul\libstdc++.a(eh_personality.o)
 .text.__gxx_personality_sj0
                0x000000000005568c      0x60c c:/intelfpga_lite/20.1/nios2eds/bin/gnu/h-x86_64-mingw32/bin/../lib/gcc/nios2-elf/9.2.1/../../../../../H-x86_64-mingw32/nios2-elf/lib/mno-hw-mul\libstdc++.a(eh_personality.o)
                0x000000000005568c                __gxx_personality_sj0
 .text.__cxa_call_unexpected
                0x0000000000055c98      0x180 c:/intelfpga_lite/20.1/nios2eds/bin/gnu/h-x86_64-mingw32/bin/../lib/gcc/nios2-elf/9.2.1/../../../../../H-x86_64-mingw32/nios2-elf/lib/mno-hw-mul\libstdc++.a(eh_personality.o)
                0x0000000000055c98                __cxa_call_unexpected
 .text          0x0000000000055e18        0x0 c:/intelfpga_lite/20.1/nios2eds/bin/gnu/h-x86_64-mingw32/bin/../lib/gcc/nios2-elf/9.2.1/../../../../../H-x86_64-mingw32/nios2-elf/lib/mno-hw-mul\libstdc++.a(eh_terminate.o)
 .text._ZN10__cxxabiv111__terminateEPFvvE
                0x0000000000055e18       0xcc c:/intelfpga_lite/20.1/nios2eds/bin/gnu/h-x86_64-mingw32/bin/../lib/gcc/nios2-elf/9.2.1/../../../../../H-x86_64-mingw32/nios2-elf/lib/mno-hw-mul\libstdc++.a(eh_terminate.o)
                0x0000000000055e18                __cxxabiv1::__terminate(void (*)())
 .text._ZSt9terminatev
                0x0000000000055ee4       0x14 c:/intelfpga_lite/20.1/nios2eds/bin/gnu/h-x86_64-mingw32/bin/../lib/gcc/nios2-elf/9.2.1/../../../../../H-x86_64-mingw32/nios2-elf/lib/mno-hw-mul\libstdc++.a(eh_terminate.o)
                0x0000000000055ee4                std::terminate()
 .text._ZN10__cxxabiv112__unexpectedEPFvvE
                0x0000000000055ef8       0x10 c:/intelfpga_lite/20.1/nios2eds/bin/gnu/h-x86_64-mingw32/bin/../lib/gcc/nios2-elf/9.2.1/../../../../../H-x86_64-mingw32/nios2-elf/lib/mno-hw-mul\libstdc++.a(eh_terminate.o)
                0x0000000000055ef8                __cxxabiv1::__unexpected(void (*)())
 .text._ZSt10unexpectedv
                0x0000000000055f08       0x14 c:/intelfpga_lite/20.1/nios2eds/bin/gnu/h-x86_64-mingw32/bin/../lib/gcc/nios2-elf/9.2.1/../../../../../H-x86_64-mingw32/nios2-elf/lib/mno-hw-mul\libstdc++.a(eh_terminate.o)
                0x0000000000055f08                std::unexpected()
 .text._ZSt13set_terminatePFvvE
                0x0000000000055f1c       0x24 c:/intelfpga_lite/20.1/nios2eds/bin/gnu/h-x86_64-mingw32/bin/../lib/gcc/nios2-elf/9.2.1/../../../../../H-x86_64-mingw32/nios2-elf/lib/mno-hw-mul\libstdc++.a(eh_terminate.o)
                0x0000000000055f1c                std::set_terminate(void (*)())
 .text._ZSt13get_terminatev
                0x0000000000055f40        0xc c:/intelfpga_lite/20.1/nios2eds/bin/gnu/h-x86_64-mingw32/bin/../lib/gcc/nios2-elf/9.2.1/../../../../../H-x86_64-mingw32/nios2-elf/lib/mno-hw-mul\libstdc++.a(eh_terminate.o)
                0x0000000000055f40                std::get_terminate()
 .text._ZSt14set_unexpectedPFvvE
                0x0000000000055f4c       0x24 c:/intelfpga_lite/20.1/nios2eds/bin/gnu/h-x86_64-mingw32/bin/../lib/gcc/nios2-elf/9.2.1/../../../../../H-x86_64-mingw32/nios2-elf/lib/mno-hw-mul\libstdc++.a(eh_terminate.o)
                0x0000000000055f4c                std::set_unexpected(void (*)())
 .text._ZSt14get_unexpectedv
                0x0000000000055f70        0xc c:/intelfpga_lite/20.1/nios2eds/bin/gnu/h-x86_64-mingw32/bin/../lib/gcc/nios2-elf/9.2.1/../../../../../H-x86_64-mingw32/nios2-elf/lib/mno-hw-mul\libstdc++.a(eh_terminate.o)
                0x0000000000055f70                std::get_unexpected()
 .text          0x0000000000055f7c        0x0 c:/intelfpga_lite/20.1/nios2eds/bin/gnu/h-x86_64-mingw32/bin/../lib/gcc/nios2-elf/9.2.1/../../../../../H-x86_64-mingw32/nios2-elf/lib/mno-hw-mul\libstdc++.a(eh_throw.o)
 .text._ZL23__gxx_exception_cleanup19_Unwind_Reason_CodeP17_Unwind_Exception
                0x0000000000055f7c       0x68 c:/intelfpga_lite/20.1/nios2eds/bin/gnu/h-x86_64-mingw32/bin/../lib/gcc/nios2-elf/9.2.1/../../../../../H-x86_64-mingw32/nios2-elf/lib/mno-hw-mul\libstdc++.a(eh_throw.o)
 .text.__cxa_init_primary_exception
                0x0000000000055fe4       0x64 c:/intelfpga_lite/20.1/nios2eds/bin/gnu/h-x86_64-mingw32/bin/../lib/gcc/nios2-elf/9.2.1/../../../../../H-x86_64-mingw32/nios2-elf/lib/mno-hw-mul\libstdc++.a(eh_throw.o)
                0x0000000000055fe4                __cxa_init_primary_exception
 .text.__cxa_throw
                0x0000000000056048       0x94 c:/intelfpga_lite/20.1/nios2eds/bin/gnu/h-x86_64-mingw32/bin/../lib/gcc/nios2-elf/9.2.1/../../../../../H-x86_64-mingw32/nios2-elf/lib/mno-hw-mul\libstdc++.a(eh_throw.o)
                0x0000000000056048                __cxa_throw
 .text.__cxa_rethrow
                0x00000000000560dc       0x84 c:/intelfpga_lite/20.1/nios2eds/bin/gnu/h-x86_64-mingw32/bin/../lib/gcc/nios2-elf/9.2.1/../../../../../H-x86_64-mingw32/nios2-elf/lib/mno-hw-mul\libstdc++.a(eh_throw.o)
                0x00000000000560dc                __cxa_rethrow
 .text          0x0000000000056160        0x0 c:/intelfpga_lite/20.1/nios2eds/bin/gnu/h-x86_64-mingw32/bin/../lib/gcc/nios2-elf/9.2.1/../../../../../H-x86_64-mingw32/nios2-elf/lib/mno-hw-mul\libstdc++.a(eh_unex_handler.o)
 .text          0x0000000000056160        0x0 c:/intelfpga_lite/20.1/nios2eds/bin/gnu/h-x86_64-mingw32/bin/../lib/gcc/nios2-elf/9.2.1/../../../../../H-x86_64-mingw32/nios2-elf/lib/mno-hw-mul\libstdc++.a(si_class_type_info.o)
 .text._ZN10__cxxabiv120__si_class_type_infoD2Ev
                0x0000000000056160       0x10 c:/intelfpga_lite/20.1/nios2eds/bin/gnu/h-x86_64-mingw32/bin/../lib/gcc/nios2-elf/9.2.1/../../../../../H-x86_64-mingw32/nios2-elf/lib/mno-hw-mul\libstdc++.a(si_class_type_info.o)
                0x0000000000056160                __cxxabiv1::__si_class_type_info::~__si_class_type_info()
                0x0000000000056160                __cxxabiv1::__si_class_type_info::~__si_class_type_info()
 .text._ZN10__cxxabiv120__si_class_type_infoD0Ev
                0x0000000000056170       0x38 c:/intelfpga_lite/20.1/nios2eds/bin/gnu/h-x86_64-mingw32/bin/../lib/gcc/nios2-elf/9.2.1/../../../../../H-x86_64-mingw32/nios2-elf/lib/mno-hw-mul\libstdc++.a(si_class_type_info.o)
                0x0000000000056170                __cxxabiv1::__si_class_type_info::~__si_class_type_info()
 .text._ZNK10__cxxabiv120__si_class_type_info20__do_find_public_srcEiPKvPKNS_17__class_type_infoES2_
                0x00000000000561a8       0x9c c:/intelfpga_lite/20.1/nios2eds/bin/gnu/h-x86_64-mingw32/bin/../lib/gcc/nios2-elf/9.2.1/../../../../../H-x86_64-mingw32/nios2-elf/lib/mno-hw-mul\libstdc++.a(si_class_type_info.o)
                0x00000000000561a8                __cxxabiv1::__si_class_type_info::__do_find_public_src(int, void const*, __cxxabiv1::__class_type_info const*, void const*) const
 .text._ZNK10__cxxabiv120__si_class_type_info12__do_dyncastEiNS_17__class_type_info10__sub_kindEPKS1_PKvS4_S6_RNS1_16__dyncast_resultE
                0x0000000000056244      0x160 c:/intelfpga_lite/20.1/nios2eds/bin/gnu/h-x86_64-mingw32/bin/../lib/gcc/nios2-elf/9.2.1/../../../../../H-x86_64-mingw32/nios2-elf/lib/mno-hw-mul\libstdc++.a(si_class_type_info.o)
                0x0000000000056244                __cxxabiv1::__si_class_type_info::__do_dyncast(int, __cxxabiv1::__class_type_info::__sub_kind, __cxxabiv1::__class_type_info const*, void const*, __cxxabiv1::__class_type_info const*, void const*, __cxxabiv1::__class_type_info::__dyncast_result&) const
 .text._ZNK10__cxxabiv120__si_class_type_info11__do_upcastEPKNS_17__class_type_infoEPKvRNS1_15__upcast_resultE
                0x00000000000563a4       0x84 c:/intelfpga_lite/20.1/nios2eds/bin/gnu/h-x86_64-mingw32/bin/../lib/gcc/nios2-elf/9.2.1/../../../../../H-x86_64-mingw32/nios2-elf/lib/mno-hw-mul\libstdc++.a(si_class_type_info.o)
                0x00000000000563a4                __cxxabiv1::__si_class_type_info::__do_upcast(__cxxabiv1::__class_type_info const*, void const*, __cxxabiv1::__class_type_info::__upcast_result&) const
 .text          0x0000000000056428        0x0 c:/intelfpga_lite/20.1/nios2eds/bin/gnu/h-x86_64-mingw32/bin/../lib/gcc/nios2-elf/9.2.1/../../../../../H-x86_64-mingw32/nios2-elf/lib/mno-hw-mul\libstdc++.a(tinfo.o)
 .text._ZNSt9type_infoD2Ev
                0x0000000000056428        0x4 c:/intelfpga_lite/20.1/nios2eds/bin/gnu/h-x86_64-mingw32/bin/../lib/gcc/nios2-elf/9.2.1/../../../../../H-x86_64-mingw32/nios2-elf/lib/mno-hw-mul\libstdc++.a(tinfo.o)
                0x0000000000056428                std::type_info::~type_info()
                0x0000000000056428                std::type_info::~type_info()
 .text._ZNKSt9type_info14__is_pointer_pEv
                0x000000000005642c        0x8 c:/intelfpga_lite/20.1/nios2eds/bin/gnu/h-x86_64-mingw32/bin/../lib/gcc/nios2-elf/9.2.1/../../../../../H-x86_64-mingw32/nios2-elf/lib/mno-hw-mul\libstdc++.a(tinfo.o)
                0x000000000005642c                std::type_info::__is_pointer_p() const
                0x000000000005642c                std::type_info::__is_function_p() const
 .text._ZNKSt9type_info11__do_upcastEPKN10__cxxabiv117__class_type_infoEPPv
                0x0000000000056434        0x8 c:/intelfpga_lite/20.1/nios2eds/bin/gnu/h-x86_64-mingw32/bin/../lib/gcc/nios2-elf/9.2.1/../../../../../H-x86_64-mingw32/nios2-elf/lib/mno-hw-mul\libstdc++.a(tinfo.o)
                0x0000000000056434                std::type_info::__do_upcast(__cxxabiv1::__class_type_info const*, void**) const
 .text._ZNSt9type_infoD0Ev
                0x000000000005643c        0x8 c:/intelfpga_lite/20.1/nios2eds/bin/gnu/h-x86_64-mingw32/bin/../lib/gcc/nios2-elf/9.2.1/../../../../../H-x86_64-mingw32/nios2-elf/lib/mno-hw-mul\libstdc++.a(tinfo.o)
                0x000000000005643c                std::type_info::~type_info()
 .text._ZNKSt9type_info10__do_catchEPKS_PPvj
                0x0000000000056444       0x44 c:/intelfpga_lite/20.1/nios2eds/bin/gnu/h-x86_64-mingw32/bin/../lib/gcc/nios2-elf/9.2.1/../../../../../H-x86_64-mingw32/nios2-elf/lib/mno-hw-mul\libstdc++.a(tinfo.o)
                0x0000000000056444                std::type_info::__do_catch(std::type_info const*, void**, unsigned int) const
 .text          0x0000000000056488        0x0 c:/intelfpga_lite/20.1/nios2eds/bin/gnu/h-x86_64-mingw32/bin/../lib/gcc/nios2-elf/9.2.1/../../../../../H-x86_64-mingw32/nios2-elf/lib/mno-hw-mul\libstdc++.a(vmi_class_type_info.o)
 .text._ZN10__cxxabiv121__vmi_class_type_infoD2Ev
                0x0000000000056488       0x10 c:/intelfpga_lite/20.1/nios2eds/bin/gnu/h-x86_64-mingw32/bin/../lib/gcc/nios2-elf/9.2.1/../../../../../H-x86_64-mingw32/nios2-elf/lib/mno-hw-mul\libstdc++.a(vmi_class_type_info.o)
                0x0000000000056488                __cxxabiv1::__vmi_class_type_info::~__vmi_class_type_info()
                0x0000000000056488                __cxxabiv1::__vmi_class_type_info::~__vmi_class_type_info()
 .text._ZN10__cxxabiv121__vmi_class_type_infoD0Ev
                0x0000000000056498       0x38 c:/intelfpga_lite/20.1/nios2eds/bin/gnu/h-x86_64-mingw32/bin/../lib/gcc/nios2-elf/9.2.1/../../../../../H-x86_64-mingw32/nios2-elf/lib/mno-hw-mul\libstdc++.a(vmi_class_type_info.o)
                0x0000000000056498                __cxxabiv1::__vmi_class_type_info::~__vmi_class_type_info()
 .text._ZNK10__cxxabiv121__vmi_class_type_info20__do_find_public_srcEiPKvPKNS_17__class_type_infoES2_
                0x00000000000564d0      0x128 c:/intelfpga_lite/20.1/nios2eds/bin/gnu/h-x86_64-mingw32/bin/../lib/gcc/nios2-elf/9.2.1/../../../../../H-x86_64-mingw32/nios2-elf/lib/mno-hw-mul\libstdc++.a(vmi_class_type_info.o)
                0x00000000000564d0                __cxxabiv1::__vmi_class_type_info::__do_find_public_src(int, void const*, __cxxabiv1::__class_type_info const*, void const*) const
 .text._ZNK10__cxxabiv121__vmi_class_type_info12__do_dyncastEiNS_17__class_type_info10__sub_kindEPKS1_PKvS4_S6_RNS1_16__dyncast_resultE
                0x00000000000565f8      0x60c c:/intelfpga_lite/20.1/nios2eds/bin/gnu/h-x86_64-mingw32/bin/../lib/gcc/nios2-elf/9.2.1/../../../../../H-x86_64-mingw32/nios2-elf/lib/mno-hw-mul\libstdc++.a(vmi_class_type_info.o)
                0x00000000000565f8                __cxxabiv1::__vmi_class_type_info::__do_dyncast(int, __cxxabiv1::__class_type_info::__sub_kind, __cxxabiv1::__class_type_info const*, void const*, __cxxabiv1::__class_type_info const*, void const*, __cxxabiv1::__class_type_info::__dyncast_result&) const
 .text._ZNK10__cxxabiv121__vmi_class_type_info11__do_upcastEPKNS_17__class_type_infoEPKvRNS1_15__upcast_resultE
                0x0000000000056c04      0x264 c:/intelfpga_lite/20.1/nios2eds/bin/gnu/h-x86_64-mingw32/bin/../lib/gcc/nios2-elf/9.2.1/../../../../../H-x86_64-mingw32/nios2-elf/lib/mno-hw-mul\libstdc++.a(vmi_class_type_info.o)
                0x0000000000056c04                __cxxabiv1::__vmi_class_type_info::__do_upcast(__cxxabiv1::__class_type_info const*, void const*, __cxxabiv1::__class_type_info::__upcast_result&) const
 .text          0x0000000000056e68        0x0 c:/intelfpga_lite/20.1/nios2eds/bin/gnu/h-x86_64-mingw32/bin/../lib/gcc/nios2-elf/9.2.1/../../../../../H-x86_64-mingw32/nios2-elf/lib/mno-hw-mul\libstdc++.a(del_op.o)
 .text._ZdlPv   0x0000000000056e68        0x4 c:/intelfpga_lite/20.1/nios2eds/bin/gnu/h-x86_64-mingw32/bin/../lib/gcc/nios2-elf/9.2.1/../../../../../H-x86_64-mingw32/nios2-elf/lib/mno-hw-mul\libstdc++.a(del_op.o)
                0x0000000000056e68                operator delete(void*)
 .text          0x0000000000056e6c        0x0 c:/intelfpga_lite/20.1/nios2eds/bin/gnu/h-x86_64-mingw32/bin/../lib/gcc/nios2-elf/9.2.1/../../../../../H-x86_64-mingw32/nios2-elf/lib/mno-hw-mul\libstdc++.a(eh_alloc.o)
 .text._ZN12_GLOBAL__N_14pool4freeEPv.constprop.0
                0x0000000000056e6c       0xcc c:/intelfpga_lite/20.1/nios2eds/bin/gnu/h-x86_64-mingw32/bin/../lib/gcc/nios2-elf/9.2.1/../../../../../H-x86_64-mingw32/nios2-elf/lib/mno-hw-mul\libstdc++.a(eh_alloc.o)
 .text._ZN12_GLOBAL__N_14pool8allocateEj.constprop.0
                0x0000000000056f38       0x8c c:/intelfpga_lite/20.1/nios2eds/bin/gnu/h-x86_64-mingw32/bin/../lib/gcc/nios2-elf/9.2.1/../../../../../H-x86_64-mingw32/nios2-elf/lib/mno-hw-mul\libstdc++.a(eh_alloc.o)
 .text._ZN9__gnu_cxx9__freeresEv
                0x0000000000056fc4       0x30 c:/intelfpga_lite/20.1/nios2eds/bin/gnu/h-x86_64-mingw32/bin/../lib/gcc/nios2-elf/9.2.1/../../../../../H-x86_64-mingw32/nios2-elf/lib/mno-hw-mul\libstdc++.a(eh_alloc.o)
                0x0000000000056fc4                __gnu_cxx::__freeres()
 .text.__cxa_allocate_exception
                0x0000000000056ff4       0x58 c:/intelfpga_lite/20.1/nios2eds/bin/gnu/h-x86_64-mingw32/bin/../lib/gcc/nios2-elf/9.2.1/../../../../../H-x86_64-mingw32/nios2-elf/lib/mno-hw-mul\libstdc++.a(eh_alloc.o)
                0x0000000000056ff4                __cxa_allocate_exception
 .text.__cxa_free_exception
                0x000000000005704c       0x28 c:/intelfpga_lite/20.1/nios2eds/bin/gnu/h-x86_64-mingw32/bin/../lib/gcc/nios2-elf/9.2.1/../../../../../H-x86_64-mingw32/nios2-elf/lib/mno-hw-mul\libstdc++.a(eh_alloc.o)
                0x000000000005704c                __cxa_free_exception
 .text.__cxa_allocate_dependent_exception
                0x0000000000057074       0x44 c:/intelfpga_lite/20.1/nios2eds/bin/gnu/h-x86_64-mingw32/bin/../lib/gcc/nios2-elf/9.2.1/../../../../../H-x86_64-mingw32/nios2-elf/lib/mno-hw-mul\libstdc++.a(eh_alloc.o)
                0x0000000000057074                __cxa_allocate_dependent_exception
 .text.__cxa_free_dependent_exception
                0x00000000000570b8       0x2c c:/intelfpga_lite/20.1/nios2eds/bin/gnu/h-x86_64-mingw32/bin/../lib/gcc/nios2-elf/9.2.1/../../../../../H-x86_64-mingw32/nios2-elf/lib/mno-hw-mul\libstdc++.a(eh_alloc.o)
                0x00000000000570b8                __cxa_free_dependent_exception
 .text.startup._GLOBAL__sub_I__ZN9__gnu_cxx9__freeresEv
                0x00000000000570e4       0x64 c:/intelfpga_lite/20.1/nios2eds/bin/gnu/h-x86_64-mingw32/bin/../lib/gcc/nios2-elf/9.2.1/../../../../../H-x86_64-mingw32/nios2-elf/lib/mno-hw-mul\libstdc++.a(eh_alloc.o)
 .text          0x0000000000057148        0x0 c:/intelfpga_lite/20.1/nios2eds/bin/gnu/h-x86_64-mingw32/bin/../lib/gcc/nios2-elf/9.2.1/../../../../../H-x86_64-mingw32/nios2-elf/lib/mno-hw-mul\libstdc++.a(eh_call.o)
 .text.__cxa_call_terminate
                0x0000000000057148       0x58 c:/intelfpga_lite/20.1/nios2eds/bin/gnu/h-x86_64-mingw32/bin/../lib/gcc/nios2-elf/9.2.1/../../../../../H-x86_64-mingw32/nios2-elf/lib/mno-hw-mul\libstdc++.a(eh_call.o)
                0x0000000000057148                __cxa_call_terminate
 .text          0x00000000000571a0        0x0 c:/intelfpga_lite/20.1/nios2eds/bin/gnu/h-x86_64-mingw32/bin/../lib/gcc/nios2-elf/9.2.1/../../../../../H-x86_64-mingw32/nios2-elf/lib/mno-hw-mul\libstdc++.a(eh_catch.o)
 .text.__cxa_get_exception_ptr
                0x00000000000571a0        0x8 c:/intelfpga_lite/20.1/nios2eds/bin/gnu/h-x86_64-mingw32/bin/../lib/gcc/nios2-elf/9.2.1/../../../../../H-x86_64-mingw32/nios2-elf/lib/mno-hw-mul\libstdc++.a(eh_catch.o)
                0x00000000000571a0                __cxa_get_exception_ptr
 .text.__cxa_begin_catch
                0x00000000000571a8       0xb8 c:/intelfpga_lite/20.1/nios2eds/bin/gnu/h-x86_64-mingw32/bin/../lib/gcc/nios2-elf/9.2.1/../../../../../H-x86_64-mingw32/nios2-elf/lib/mno-hw-mul\libstdc++.a(eh_catch.o)
                0x00000000000571a8                __cxa_begin_catch
 .text.__cxa_end_catch
                0x0000000000057260       0xb4 c:/intelfpga_lite/20.1/nios2eds/bin/gnu/h-x86_64-mingw32/bin/../lib/gcc/nios2-elf/9.2.1/../../../../../H-x86_64-mingw32/nios2-elf/lib/mno-hw-mul\libstdc++.a(eh_catch.o)
                0x0000000000057260                __cxa_end_catch
 .text._ZSt18uncaught_exceptionv
                0x0000000000057314       0x20 c:/intelfpga_lite/20.1/nios2eds/bin/gnu/h-x86_64-mingw32/bin/../lib/gcc/nios2-elf/9.2.1/../../../../../H-x86_64-mingw32/nios2-elf/lib/mno-hw-mul\libstdc++.a(eh_catch.o)
                0x0000000000057314                std::uncaught_exception()
 .text._ZSt19uncaught_exceptionsv
                0x0000000000057334       0x1c c:/intelfpga_lite/20.1/nios2eds/bin/gnu/h-x86_64-mingw32/bin/../lib/gcc/nios2-elf/9.2.1/../../../../../H-x86_64-mingw32/nios2-elf/lib/mno-hw-mul\libstdc++.a(eh_catch.o)
                0x0000000000057334                std::uncaught_exceptions()
 .text          0x0000000000057350        0x0 c:/intelfpga_lite/20.1/nios2eds/bin/gnu/h-x86_64-mingw32/bin/../lib/gcc/nios2-elf/9.2.1/../../../../../H-x86_64-mingw32/nios2-elf/lib/mno-hw-mul\libstdc++.a(eh_exception.o)
 .text._ZNSt9exceptionD2Ev
                0x0000000000057350        0x4 c:/intelfpga_lite/20.1/nios2eds/bin/gnu/h-x86_64-mingw32/bin/../lib/gcc/nios2-elf/9.2.1/../../../../../H-x86_64-mingw32/nios2-elf/lib/mno-hw-mul\libstdc++.a(eh_exception.o)
                0x0000000000057350                std::exception::~exception()
                0x0000000000057350                std::exception::~exception()
 .text._ZNSt13bad_exceptionD2Ev
                0x0000000000057354        0x4 c:/intelfpga_lite/20.1/nios2eds/bin/gnu/h-x86_64-mingw32/bin/../lib/gcc/nios2-elf/9.2.1/../../../../../H-x86_64-mingw32/nios2-elf/lib/mno-hw-mul\libstdc++.a(eh_exception.o)
                0x0000000000057354                std::bad_exception::~bad_exception()
                0x0000000000057354                std::bad_exception::~bad_exception()
 .text._ZNKSt9exception4whatEv
                0x0000000000057358        0xc c:/intelfpga_lite/20.1/nios2eds/bin/gnu/h-x86_64-mingw32/bin/../lib/gcc/nios2-elf/9.2.1/../../../../../H-x86_64-mingw32/nios2-elf/lib/mno-hw-mul\libstdc++.a(eh_exception.o)
                0x0000000000057358                std::exception::what() const
                0x0000000000057358                transaction clone for std::exception::what() const
 .text._ZNKSt13bad_exception4whatEv
                0x0000000000057364        0xc c:/intelfpga_lite/20.1/nios2eds/bin/gnu/h-x86_64-mingw32/bin/../lib/gcc/nios2-elf/9.2.1/../../../../../H-x86_64-mingw32/nios2-elf/lib/mno-hw-mul\libstdc++.a(eh_exception.o)
                0x0000000000057364                std::bad_exception::what() const
                0x0000000000057364                transaction clone for std::bad_exception::what() const
 .text._ZNSt9exceptionD0Ev
                0x0000000000057370        0x8 c:/intelfpga_lite/20.1/nios2eds/bin/gnu/h-x86_64-mingw32/bin/../lib/gcc/nios2-elf/9.2.1/../../../../../H-x86_64-mingw32/nios2-elf/lib/mno-hw-mul\libstdc++.a(eh_exception.o)
                0x0000000000057370                std::exception::~exception()
 .text._ZNSt13bad_exceptionD0Ev
                0x0000000000057378        0x8 c:/intelfpga_lite/20.1/nios2eds/bin/gnu/h-x86_64-mingw32/bin/../lib/gcc/nios2-elf/9.2.1/../../../../../H-x86_64-mingw32/nios2-elf/lib/mno-hw-mul\libstdc++.a(eh_exception.o)
                0x0000000000057378                std::bad_exception::~bad_exception()
 .text._ZN10__cxxabiv115__forced_unwindD2Ev
                0x0000000000057380        0x4 c:/intelfpga_lite/20.1/nios2eds/bin/gnu/h-x86_64-mingw32/bin/../lib/gcc/nios2-elf/9.2.1/../../../../../H-x86_64-mingw32/nios2-elf/lib/mno-hw-mul\libstdc++.a(eh_exception.o)
                0x0000000000057380                __cxxabiv1::__forced_unwind::~__forced_unwind()
                0x0000000000057380                __cxxabiv1::__forced_unwind::~__forced_unwind()
 .text._ZN10__cxxabiv115__forced_unwindD0Ev
                0x0000000000057384        0x8 c:/intelfpga_lite/20.1/nios2eds/bin/gnu/h-x86_64-mingw32/bin/../lib/gcc/nios2-elf/9.2.1/../../../../../H-x86_64-mingw32/nios2-elf/lib/mno-hw-mul\libstdc++.a(eh_exception.o)
                0x0000000000057384                __cxxabiv1::__forced_unwind::~__forced_unwind()
 .text._ZN10__cxxabiv119__foreign_exceptionD2Ev
                0x000000000005738c        0x4 c:/intelfpga_lite/20.1/nios2eds/bin/gnu/h-x86_64-mingw32/bin/../lib/gcc/nios2-elf/9.2.1/../../../../../H-x86_64-mingw32/nios2-elf/lib/mno-hw-mul\libstdc++.a(eh_exception.o)
                0x000000000005738c                __cxxabiv1::__foreign_exception::~__foreign_exception()
                0x000000000005738c                __cxxabiv1::__foreign_exception::~__foreign_exception()
 .text._ZN10__cxxabiv119__foreign_exceptionD0Ev
                0x0000000000057390        0x8 c:/intelfpga_lite/20.1/nios2eds/bin/gnu/h-x86_64-mingw32/bin/../lib/gcc/nios2-elf/9.2.1/../../../../../H-x86_64-mingw32/nios2-elf/lib/mno-hw-mul\libstdc++.a(eh_exception.o)
                0x0000000000057390                __cxxabiv1::__foreign_exception::~__foreign_exception()
 .text._ZGTtNKSt9exceptionD1Ev
                0x0000000000057398        0x4 c:/intelfpga_lite/20.1/nios2eds/bin/gnu/h-x86_64-mingw32/bin/../lib/gcc/nios2-elf/9.2.1/../../../../../H-x86_64-mingw32/nios2-elf/lib/mno-hw-mul\libstdc++.a(eh_exception.o)
                0x0000000000057398                transaction clone for std::exception::~exception() const
 .text._ZGTtNKSt13bad_exceptionD1Ev
                0x000000000005739c        0x4 c:/intelfpga_lite/20.1/nios2eds/bin/gnu/h-x86_64-mingw32/bin/../lib/gcc/nios2-elf/9.2.1/../../../../../H-x86_64-mingw32/nios2-elf/lib/mno-hw-mul\libstdc++.a(eh_exception.o)
                0x000000000005739c                transaction clone for std::bad_exception::~bad_exception() const
 .text          0x00000000000573a0        0x0 c:/intelfpga_lite/20.1/nios2eds/bin/gnu/h-x86_64-mingw32/bin/../lib/gcc/nios2-elf/9.2.1/../../../../../H-x86_64-mingw32/nios2-elf/lib/mno-hw-mul\libstdc++.a(eh_globals.o)
 .text.__cxa_get_globals_fast
                0x00000000000573a0        0xc c:/intelfpga_lite/20.1/nios2eds/bin/gnu/h-x86_64-mingw32/bin/../lib/gcc/nios2-elf/9.2.1/../../../../../H-x86_64-mingw32/nios2-elf/lib/mno-hw-mul\libstdc++.a(eh_globals.o)
                0x00000000000573a0                __cxa_get_globals_fast
 .text.__cxa_get_globals
                0x00000000000573ac        0xc c:/intelfpga_lite/20.1/nios2eds/bin/gnu/h-x86_64-mingw32/bin/../lib/gcc/nios2-elf/9.2.1/../../../../../H-x86_64-mingw32/nios2-elf/lib/mno-hw-mul\libstdc++.a(eh_globals.o)
                0x00000000000573ac                __cxa_get_globals
 .text          0x00000000000573b8        0x0 c:/intelfpga_lite/20.1/nios2eds/bin/gnu/h-x86_64-mingw32/bin/../lib/gcc/nios2-elf/9.2.1/../../../../../H-x86_64-mingw32/nios2-elf/lib/mno-hw-mul\libstdc++.a(eh_term_handler.o)
 .text          0x00000000000573b8        0x0 c:/intelfpga_lite/20.1/nios2eds/bin/gnu/h-x86_64-mingw32/bin/../lib/gcc/nios2-elf/9.2.1/../../../../../H-x86_64-mingw32/nios2-elf/lib/mno-hw-mul\libstdc++.a(pure.o)
 .text.__cxa_pure_virtual
                0x00000000000573b8        0xc c:/intelfpga_lite/20.1/nios2eds/bin/gnu/h-x86_64-mingw32/bin/../lib/gcc/nios2-elf/9.2.1/../../../../../H-x86_64-mingw32/nios2-elf/lib/mno-hw-mul\libstdc++.a(pure.o)
                0x00000000000573b8                __cxa_pure_virtual
 .text.__cxa_deleted_virtual
                0x00000000000573c4        0xc c:/intelfpga_lite/20.1/nios2eds/bin/gnu/h-x86_64-mingw32/bin/../lib/gcc/nios2-elf/9.2.1/../../../../../H-x86_64-mingw32/nios2-elf/lib/mno-hw-mul\libstdc++.a(pure.o)
                0x00000000000573c4                __cxa_deleted_virtual
 .text          0x00000000000573d0        0x0 c:/intelfpga_lite/20.1/nios2eds/bin/gnu/h-x86_64-mingw32/bin/../lib/gcc/nios2-elf/9.2.1/../../../../../H-x86_64-mingw32/nios2-elf/lib/mno-hw-mul\libm.a(lib_a-s_floor.o)
 .text.floor    0x00000000000573d0      0x1e4 c:/intelfpga_lite/20.1/nios2eds/bin/gnu/h-x86_64-mingw32/bin/../lib/gcc/nios2-elf/9.2.1/../../../../../H-x86_64-mingw32/nios2-elf/lib/mno-hw-mul\libm.a(lib_a-s_floor.o)
                0x00000000000573d0                floor
 .text          0x00000000000575b4        0x0 c:/intelfpga_lite/20.1/nios2eds/bin/gnu/h-x86_64-mingw32/bin/../lib/gcc/nios2-elf/9.2.1/../../../../../H-x86_64-mingw32/nios2-elf/lib/mno-hw-mul\libm.a(lib_a-w_log.o)
 .text.log      0x00000000000575b4       0xd4 c:/intelfpga_lite/20.1/nios2eds/bin/gnu/h-x86_64-mingw32/bin/../lib/gcc/nios2-elf/9.2.1/../../../../../H-x86_64-mingw32/nios2-elf/lib/mno-hw-mul\libm.a(lib_a-w_log.o)
                0x00000000000575b4                log
 .text          0x0000000000057688        0x0 c:/intelfpga_lite/20.1/nios2eds/bin/gnu/h-x86_64-mingw32/bin/../lib/gcc/nios2-elf/9.2.1/../../../../../H-x86_64-mingw32/nios2-elf/lib/mno-hw-mul\libm.a(lib_a-w_pow.o)
 .text.pow      0x0000000000057688      0x398 c:/intelfpga_lite/20.1/nios2eds/bin/gnu/h-x86_64-mingw32/bin/../lib/gcc/nios2-elf/9.2.1/../../../../../H-x86_64-mingw32/nios2-elf/lib/mno-hw-mul\libm.a(lib_a-w_pow.o)
                0x0000000000057688                pow
 .text          0x0000000000057a20        0x0 c:/intelfpga_lite/20.1/nios2eds/bin/gnu/h-x86_64-mingw32/bin/../lib/gcc/nios2-elf/9.2.1/../../../../../H-x86_64-mingw32/nios2-elf/lib/mno-hw-mul\libm.a(lib_a-e_log.o)
 .text.__ieee754_log
                0x0000000000057a20      0x68c c:/intelfpga_lite/20.1/nios2eds/bin/gnu/h-x86_64-mingw32/bin/../lib/gcc/nios2-elf/9.2.1/../../../../../H-x86_64-mingw32/nios2-elf/lib/mno-hw-mul\libm.a(lib_a-e_log.o)
                0x0000000000057a20                __ieee754_log
 .text          0x00000000000580ac        0x0 c:/intelfpga_lite/20.1/nios2eds/bin/gnu/h-x86_64-mingw32/bin/../lib/gcc/nios2-elf/9.2.1/../../../../../H-x86_64-mingw32/nios2-elf/lib/mno-hw-mul\libm.a(lib_a-e_pow.o)
 .text.__ieee754_pow
                0x00000000000580ac     0x10cc c:/intelfpga_lite/20.1/nios2eds/bin/gnu/h-x86_64-mingw32/bin/../lib/gcc/nios2-elf/9.2.1/../../../../../H-x86_64-mingw32/nios2-elf/lib/mno-hw-mul\libm.a(lib_a-e_pow.o)
                0x00000000000580ac                __ieee754_pow
 .text          0x0000000000059178        0x0 c:/intelfpga_lite/20.1/nios2eds/bin/gnu/h-x86_64-mingw32/bin/../lib/gcc/nios2-elf/9.2.1/../../../../../H-x86_64-mingw32/nios2-elf/lib/mno-hw-mul\libm.a(lib_a-e_sqrt.o)
 .text.__ieee754_sqrt
                0x0000000000059178      0x264 c:/intelfpga_lite/20.1/nios2eds/bin/gnu/h-x86_64-mingw32/bin/../lib/gcc/nios2-elf/9.2.1/../../../../../H-x86_64-mingw32/nios2-elf/lib/mno-hw-mul\libm.a(lib_a-e_sqrt.o)
                0x0000000000059178                __ieee754_sqrt
 .text          0x00000000000593dc        0x0 c:/intelfpga_lite/20.1/nios2eds/bin/gnu/h-x86_64-mingw32/bin/../lib/gcc/nios2-elf/9.2.1/../../../../../H-x86_64-mingw32/nios2-elf/lib/mno-hw-mul\libm.a(lib_a-s_lib_ver.o)
 .text          0x00000000000593dc        0x0 c:/intelfpga_lite/20.1/nios2eds/bin/gnu/h-x86_64-mingw32/bin/../lib/gcc/nios2-elf/9.2.1/../../../../../H-x86_64-mingw32/nios2-elf/lib/mno-hw-mul\libm.a(lib_a-s_rint.o)
 .text.rint     0x00000000000593dc      0x1dc c:/intelfpga_lite/20.1/nios2eds/bin/gnu/h-x86_64-mingw32/bin/../lib/gcc/nios2-elf/9.2.1/../../../../../H-x86_64-mingw32/nios2-elf/lib/mno-hw-mul\libm.a(lib_a-s_rint.o)
                0x00000000000593dc                rint
 .text          0x00000000000595b8        0x0 c:/intelfpga_lite/20.1/nios2eds/bin/gnu/h-x86_64-mingw32/bin/../lib/gcc/nios2-elf/9.2.1/../../../../../H-x86_64-mingw32/nios2-elf/lib/mno-hw-mul\libm.a(lib_a-s_scalbn.o)
 .text.scalbn   0x00000000000595b8      0x1c0 c:/intelfpga_lite/20.1/nios2eds/bin/gnu/h-x86_64-mingw32/bin/../lib/gcc/nios2-elf/9.2.1/../../../../../H-x86_64-mingw32/nios2-elf/lib/mno-hw-mul\libm.a(lib_a-s_scalbn.o)
                0x00000000000595b8                scalbn
 .text          0x0000000000059778      0x104 c:/intelfpga_lite/20.1/nios2eds/bin/gnu/h-x86_64-mingw32/bin/../lib/gcc/nios2-elf/9.2.1/mno-hw-mul\libgcc.a(_muldi3.o)
                0x0000000000059778                __muldi3
 .text          0x000000000005987c       0x48 c:/intelfpga_lite/20.1/nios2eds/bin/gnu/h-x86_64-mingw32/bin/../lib/gcc/nios2-elf/9.2.1/mno-hw-mul\libgcc.a(_lshrdi3.o)
                0x000000000005987c                __lshrdi3
 .text          0x00000000000598c4       0x48 c:/intelfpga_lite/20.1/nios2eds/bin/gnu/h-x86_64-mingw32/bin/../lib/gcc/nios2-elf/9.2.1/mno-hw-mul\libgcc.a(_ashldi3.o)
                0x00000000000598c4                __ashldi3
 .text          0x000000000005990c       0x74 c:/intelfpga_lite/20.1/nios2eds/bin/gnu/h-x86_64-mingw32/bin/../lib/gcc/nios2-elf/9.2.1/mno-hw-mul\libgcc.a(_fixunsdfsi.o)
                0x000000000005990c                __fixunsdfsi
 .text          0x0000000000059980       0x74 c:/intelfpga_lite/20.1/nios2eds/bin/gnu/h-x86_64-mingw32/bin/../lib/gcc/nios2-elf/9.2.1/mno-hw-mul\libgcc.a(_fixdfdi.o)
                0x0000000000059980                __fixdfdi
 .text          0x00000000000599f4       0x9c c:/intelfpga_lite/20.1/nios2eds/bin/gnu/h-x86_64-mingw32/bin/../lib/gcc/nios2-elf/9.2.1/mno-hw-mul\libgcc.a(_fixunssfdi.o)
                0x00000000000599f4                __fixunssfdi
 .text          0x0000000000059a90       0x90 c:/intelfpga_lite/20.1/nios2eds/bin/gnu/h-x86_64-mingw32/bin/../lib/gcc/nios2-elf/9.2.1/mno-hw-mul\libgcc.a(_fixunsdfdi.o)
                0x0000000000059a90                __fixunsdfdi
 .text          0x0000000000059b20       0x70 c:/intelfpga_lite/20.1/nios2eds/bin/gnu/h-x86_64-mingw32/bin/../lib/gcc/nios2-elf/9.2.1/mno-hw-mul\libgcc.a(_floatdidf.o)
                0x0000000000059b20                __floatdidf
 .text          0x0000000000059b90      0x670 c:/intelfpga_lite/20.1/nios2eds/bin/gnu/h-x86_64-mingw32/bin/../lib/gcc/nios2-elf/9.2.1/mno-hw-mul\libgcc.a(_divdi3.o)
                0x0000000000059b90                __divdi3
 .text          0x000000000005a200      0x61c c:/intelfpga_lite/20.1/nios2eds/bin/gnu/h-x86_64-mingw32/bin/../lib/gcc/nios2-elf/9.2.1/mno-hw-mul\libgcc.a(_udivdi3.o)
                0x000000000005a200                __udivdi3
 .text          0x000000000005a81c      0x5c4 c:/intelfpga_lite/20.1/nios2eds/bin/gnu/h-x86_64-mingw32/bin/../lib/gcc/nios2-elf/9.2.1/mno-hw-mul\libgcc.a(_umoddi3.o)
                0x000000000005a81c                __umoddi3
 .text          0x000000000005ade0      0x1b4 c:/intelfpga_lite/20.1/nios2eds/bin/gnu/h-x86_64-mingw32/bin/../lib/gcc/nios2-elf/9.2.1/mno-hw-mul\libgcc.a(lib2-divmod.o)
                0x000000000005ade0                __divsi3
                0x000000000005ae60                __modsi3
                0x000000000005aed4                __udivsi3
                0x000000000005af38                __umodsi3
 .text          0x000000000005af94       0x28 c:/intelfpga_lite/20.1/nios2eds/bin/gnu/h-x86_64-mingw32/bin/../lib/gcc/nios2-elf/9.2.1/mno-hw-mul\libgcc.a(lib2-mul.o)
                0x000000000005af94                __mulsi3
 .text          0x000000000005afbc      0x45c c:/intelfpga_lite/20.1/nios2eds/bin/gnu/h-x86_64-mingw32/bin/../lib/gcc/nios2-elf/9.2.1/mno-hw-mul\libgcc.a(addsf3.o)
                0x000000000005afbc                __addsf3
 .text          0x000000000005b418       0xc4 c:/intelfpga_lite/20.1/nios2eds/bin/gnu/h-x86_64-mingw32/bin/../lib/gcc/nios2-elf/9.2.1/mno-hw-mul\libgcc.a(gesf2.o)
                0x000000000005b418                __gesf2
                0x000000000005b418                __gtsf2
 .text          0x000000000005b4dc       0xc0 c:/intelfpga_lite/20.1/nios2eds/bin/gnu/h-x86_64-mingw32/bin/../lib/gcc/nios2-elf/9.2.1/mno-hw-mul\libgcc.a(lesf2.o)
                0x000000000005b4dc                __ltsf2
                0x000000000005b4dc                __lesf2
 .text          0x000000000005b59c      0x3fc c:/intelfpga_lite/20.1/nios2eds/bin/gnu/h-x86_64-mingw32/bin/../lib/gcc/nios2-elf/9.2.1/mno-hw-mul\libgcc.a(mulsf3.o)
                0x000000000005b59c                __mulsf3
 .text          0x000000000005b998      0x978 c:/intelfpga_lite/20.1/nios2eds/bin/gnu/h-x86_64-mingw32/bin/../lib/gcc/nios2-elf/9.2.1/mno-hw-mul\libgcc.a(adddf3.o)
                0x000000000005b998                __adddf3
 .text          0x000000000005c310      0x934 c:/intelfpga_lite/20.1/nios2eds/bin/gnu/h-x86_64-mingw32/bin/../lib/gcc/nios2-elf/9.2.1/mno-hw-mul\libgcc.a(divdf3.o)
                0x000000000005c310                __divdf3
 .text          0x000000000005cc44       0x80 c:/intelfpga_lite/20.1/nios2eds/bin/gnu/h-x86_64-mingw32/bin/../lib/gcc/nios2-elf/9.2.1/mno-hw-mul\libgcc.a(eqdf2.o)
                0x000000000005cc44                __nedf2
                0x000000000005cc44                __eqdf2
 .text          0x000000000005ccc4       0xf0 c:/intelfpga_lite/20.1/nios2eds/bin/gnu/h-x86_64-mingw32/bin/../lib/gcc/nios2-elf/9.2.1/mno-hw-mul\libgcc.a(gedf2.o)
                0x000000000005ccc4                __gedf2
                0x000000000005ccc4                __gtdf2
 .text          0x000000000005cdb4       0xf0 c:/intelfpga_lite/20.1/nios2eds/bin/gnu/h-x86_64-mingw32/bin/../lib/gcc/nios2-elf/9.2.1/mno-hw-mul\libgcc.a(ledf2.o)
                0x000000000005cdb4                __ledf2
                0x000000000005cdb4                __ltdf2
 .text          0x000000000005cea4      0x7a8 c:/intelfpga_lite/20.1/nios2eds/bin/gnu/h-x86_64-mingw32/bin/../lib/gcc/nios2-elf/9.2.1/mno-hw-mul\libgcc.a(muldf3.o)
                0x000000000005cea4                __muldf3
 .text          0x000000000005d64c      0x934 c:/intelfpga_lite/20.1/nios2eds/bin/gnu/h-x86_64-mingw32/bin/../lib/gcc/nios2-elf/9.2.1/mno-hw-mul\libgcc.a(subdf3.o)
                0x000000000005d64c                __subdf3
 .text          0x000000000005df80       0x54 c:/intelfpga_lite/20.1/nios2eds/bin/gnu/h-x86_64-mingw32/bin/../lib/gcc/nios2-elf/9.2.1/mno-hw-mul\libgcc.a(unorddf2.o)
                0x000000000005df80                __unorddf2
 .text          0x000000000005dfd4       0x80 c:/intelfpga_lite/20.1/nios2eds/bin/gnu/h-x86_64-mingw32/bin/../lib/gcc/nios2-elf/9.2.1/mno-hw-mul\libgcc.a(fixdfsi.o)
                0x000000000005dfd4                __fixdfsi
 .text          0x000000000005e054       0xbc c:/intelfpga_lite/20.1/nios2eds/bin/gnu/h-x86_64-mingw32/bin/../lib/gcc/nios2-elf/9.2.1/mno-hw-mul\libgcc.a(floatsidf.o)
                0x000000000005e054                __floatsidf
 .text          0x000000000005e110       0x90 c:/intelfpga_lite/20.1/nios2eds/bin/gnu/h-x86_64-mingw32/bin/../lib/gcc/nios2-elf/9.2.1/mno-hw-mul\libgcc.a(floatunsidf.o)
                0x000000000005e110                __floatunsidf
 .text          0x000000000005e1a0       0xfc c:/intelfpga_lite/20.1/nios2eds/bin/gnu/h-x86_64-mingw32/bin/../lib/gcc/nios2-elf/9.2.1/mno-hw-mul\libgcc.a(extendsfdf2.o)
                0x000000000005e1a0                __extendsfdf2
 .text          0x000000000005e29c      0x170 c:/intelfpga_lite/20.1/nios2eds/bin/gnu/h-x86_64-mingw32/bin/../lib/gcc/nios2-elf/9.2.1/mno-hw-mul\libgcc.a(truncdfsf2.o)
                0x000000000005e29c                __truncdfsf2
 .text          0x000000000005e40c      0x530 c:/intelfpga_lite/20.1/nios2eds/bin/gnu/h-x86_64-mingw32/bin/../lib/gcc/nios2-elf/9.2.1/mno-hw-mul\libgcc.a(unwind-sjlj.o)
                0x000000000005e624                _Unwind_SjLj_Register
                0x000000000005e63c                _Unwind_SjLj_Unregister
                0x000000000005e64c                _Unwind_GetGR
                0x000000000005e664                _Unwind_GetCFA
                0x000000000005e67c                _Unwind_SetGR
                0x000000000005e694                _Unwind_GetIP
                0x000000000005e6a4                _Unwind_GetIPInfo
                0x000000000005e6c4                _Unwind_SetIP
                0x000000000005e6d4                _Unwind_GetLanguageSpecificData
                0x000000000005e6e0                _Unwind_GetRegionStart
                0x000000000005e6e8                _Unwind_FindEnclosingFunction
                0x000000000005e6f0                _Unwind_GetDataRelBase
                0x000000000005e6f8                _Unwind_GetTextRelBase
                0x000000000005e700                _Unwind_SjLj_RaiseException
                0x000000000005e7c8                _Unwind_SjLj_ForcedUnwind
                0x000000000005e80c                _Unwind_SjLj_Resume
                0x000000000005e850                _Unwind_SjLj_Resume_or_Rethrow
                0x000000000005e89c                _Unwind_DeleteException
                0x000000000005e8b4                _Unwind_Backtrace
 .text          0x000000000005e93c        0x0 c:/intelfpga_lite/20.1/nios2eds/bin/gnu/h-x86_64-mingw32/bin/../lib/gcc/nios2-elf/9.2.1/mno-hw-mul\libgcc.a(_clz.o)
 .text          0x000000000005e93c       0x54 c:/intelfpga_lite/20.1/nios2eds/bin/gnu/h-x86_64-mingw32/bin/../lib/gcc/nios2-elf/9.2.1/mno-hw-mul\libgcc.a(_clzsi2.o)
                0x000000000005e93c                __clzsi2
 .text          0x000000000005e990        0x0 c:/intelfpga_lite/20.1/nios2eds/bin/gnu/h-x86_64-mingw32/bin/../lib/gcc/nios2-elf/9.2.1/../../../../../H-x86_64-mingw32/nios2-elf/lib/mno-hw-mul\libc.a(lib_a-abort.o)
 .text.unlikely.abort
                0x000000000005e990       0x18 c:/intelfpga_lite/20.1/nios2eds/bin/gnu/h-x86_64-mingw32/bin/../lib/gcc/nios2-elf/9.2.1/../../../../../H-x86_64-mingw32/nios2-elf/lib/mno-hw-mul\libc.a(lib_a-abort.o)
                0x000000000005e990                abort
 .text          0x000000000005e9a8        0x0 c:/intelfpga_lite/20.1/nios2eds/bin/gnu/h-x86_64-mingw32/bin/../lib/gcc/nios2-elf/9.2.1/../../../../../H-x86_64-mingw32/nios2-elf/lib/mno-hw-mul\libc.a(lib_a-errno.o)
 .text.__errno  0x000000000005e9a8        0xc c:/intelfpga_lite/20.1/nios2eds/bin/gnu/h-x86_64-mingw32/bin/../lib/gcc/nios2-elf/9.2.1/../../../../../H-x86_64-mingw32/nios2-elf/lib/mno-hw-mul\libc.a(lib_a-errno.o)
                0x000000000005e9a8                __errno
 .text          0x000000000005e9b4        0x0 c:/intelfpga_lite/20.1/nios2eds/bin/gnu/h-x86_64-mingw32/bin/../lib/gcc/nios2-elf/9.2.1/../../../../../H-x86_64-mingw32/nios2-elf/lib/mno-hw-mul\libc.a(lib_a-impure.o)
 .text          0x000000000005e9b4        0x0 c:/intelfpga_lite/20.1/nios2eds/bin/gnu/h-x86_64-mingw32/bin/../lib/gcc/nios2-elf/9.2.1/../../../../../H-x86_64-mingw32/nios2-elf/lib/mno-hw-mul\libc.a(lib_a-malloc.o)
 .text.malloc   0x000000000005e9b4       0x10 c:/intelfpga_lite/20.1/nios2eds/bin/gnu/h-x86_64-mingw32/bin/../lib/gcc/nios2-elf/9.2.1/../../../../../H-x86_64-mingw32/nios2-elf/lib/mno-hw-mul\libc.a(lib_a-malloc.o)
                0x000000000005e9b4                malloc
 .text.free     0x000000000005e9c4       0x10 c:/intelfpga_lite/20.1/nios2eds/bin/gnu/h-x86_64-mingw32/bin/../lib/gcc/nios2-elf/9.2.1/../../../../../H-x86_64-mingw32/nios2-elf/lib/mno-hw-mul\libc.a(lib_a-malloc.o)
                0x000000000005e9c4                free
 .text          0x000000000005e9d4        0x0 c:/intelfpga_lite/20.1/nios2eds/bin/gnu/h-x86_64-mingw32/bin/../lib/gcc/nios2-elf/9.2.1/../../../../../H-x86_64-mingw32/nios2-elf/lib/mno-hw-mul\libc.a(lib_a-mallocr.o)
 .text._malloc_r
                0x000000000005e9d4      0x7e0 c:/intelfpga_lite/20.1/nios2eds/bin/gnu/h-x86_64-mingw32/bin/../lib/gcc/nios2-elf/9.2.1/../../../../../H-x86_64-mingw32/nios2-elf/lib/mno-hw-mul\libc.a(lib_a-mallocr.o)
                0x000000000005e9d4                _malloc_r
 .text          0x000000000005f1b4        0x0 c:/intelfpga_lite/20.1/nios2eds/bin/gnu/h-x86_64-mingw32/bin/../lib/gcc/nios2-elf/9.2.1/../../../../../H-x86_64-mingw32/nios2-elf/lib/mno-hw-mul\libc.a(lib_a-memcpy.o)
 .text.memcpy   0x000000000005f1b4      0x100 c:/intelfpga_lite/20.1/nios2eds/bin/gnu/h-x86_64-mingw32/bin/../lib/gcc/nios2-elf/9.2.1/../../../../../H-x86_64-mingw32/nios2-elf/lib/mno-hw-mul\libc.a(lib_a-memcpy.o)
                0x000000000005f1b4                memcpy
 .text          0x000000000005f2b4        0x0 c:/intelfpga_lite/20.1/nios2eds/bin/gnu/h-x86_64-mingw32/bin/../lib/gcc/nios2-elf/9.2.1/../../../../../H-x86_64-mingw32/nios2-elf/lib/mno-hw-mul\libc.a(lib_a-memset.o)
 .text.memset   0x000000000005f2b4       0xf0 c:/intelfpga_lite/20.1/nios2eds/bin/gnu/h-x86_64-mingw32/bin/../lib/gcc/nios2-elf/9.2.1/../../../../../H-x86_64-mingw32/nios2-elf/lib/mno-hw-mul\libc.a(lib_a-memset.o)
                0x000000000005f2b4                memset
 .text          0x000000000005f3a4        0x0 c:/intelfpga_lite/20.1/nios2eds/bin/gnu/h-x86_64-mingw32/bin/../lib/gcc/nios2-elf/9.2.1/../../../../../H-x86_64-mingw32/nios2-elf/lib/mno-hw-mul\libc.a(lib_a-printf.o)
 .text._printf_r
                0x000000000005f3a4       0x30 c:/intelfpga_lite/20.1/nios2eds/bin/gnu/h-x86_64-mingw32/bin/../lib/gcc/nios2-elf/9.2.1/../../../../../H-x86_64-mingw32/nios2-elf/lib/mno-hw-mul\libc.a(lib_a-printf.o)
                0x000000000005f3a4                _printf_r
 .text.printf   0x000000000005f3d4       0x38 c:/intelfpga_lite/20.1/nios2eds/bin/gnu/h-x86_64-mingw32/bin/../lib/gcc/nios2-elf/9.2.1/../../../../../H-x86_64-mingw32/nios2-elf/lib/mno-hw-mul\libc.a(lib_a-printf.o)
                0x000000000005f3d4                printf
 .text          0x000000000005f40c        0x0 c:/intelfpga_lite/20.1/nios2eds/bin/gnu/h-x86_64-mingw32/bin/../lib/gcc/nios2-elf/9.2.1/../../../../../H-x86_64-mingw32/nios2-elf/lib/mno-hw-mul\libc.a(lib_a-putchar.o)
 .text._putchar_r
                0x000000000005f40c        0x8 c:/intelfpga_lite/20.1/nios2eds/bin/gnu/h-x86_64-mingw32/bin/../lib/gcc/nios2-elf/9.2.1/../../../../../H-x86_64-mingw32/nios2-elf/lib/mno-hw-mul\libc.a(lib_a-putchar.o)
                0x000000000005f40c                _putchar_r
 .text.putchar  0x000000000005f414       0x18 c:/intelfpga_lite/20.1/nios2eds/bin/gnu/h-x86_64-mingw32/bin/../lib/gcc/nios2-elf/9.2.1/../../../../../H-x86_64-mingw32/nios2-elf/lib/mno-hw-mul\libc.a(lib_a-putchar.o)
                0x000000000005f414                putchar
 .text          0x000000000005f42c        0x0 c:/intelfpga_lite/20.1/nios2eds/bin/gnu/h-x86_64-mingw32/bin/../lib/gcc/nios2-elf/9.2.1/../../../../../H-x86_64-mingw32/nios2-elf/lib/mno-hw-mul\libc.a(lib_a-puts.o)
 .text._puts_r  0x000000000005f42c       0xcc c:/intelfpga_lite/20.1/nios2eds/bin/gnu/h-x86_64-mingw32/bin/../lib/gcc/nios2-elf/9.2.1/../../../../../H-x86_64-mingw32/nios2-elf/lib/mno-hw-mul\libc.a(lib_a-puts.o)
                0x000000000005f42c                _puts_r
 .text.puts     0x000000000005f4f8       0x10 c:/intelfpga_lite/20.1/nios2eds/bin/gnu/h-x86_64-mingw32/bin/../lib/gcc/nios2-elf/9.2.1/../../../../../H-x86_64-mingw32/nios2-elf/lib/mno-hw-mul\libc.a(lib_a-puts.o)
                0x000000000005f4f8                puts
 .text          0x000000000005f508        0x0 c:/intelfpga_lite/20.1/nios2eds/bin/gnu/h-x86_64-mingw32/bin/../lib/gcc/nios2-elf/9.2.1/../../../../../H-x86_64-mingw32/nios2-elf/lib/mno-hw-mul\libc.a(lib_a-sbrkr.o)