Analysis & Synthesis report for i2c_si53304
Sun Feb 28 15:59:16 2021
Quartus Prime Version 20.1.0 Build 711 06/05/2020 SJ Lite Edition


---------------------
; Table of Contents ;
---------------------
  1. Legal Notice
  2. Analysis & Synthesis Summary
  3. Analysis & Synthesis Settings
  4. Parallel Compilation
  5. Analysis & Synthesis Source Files Read
  6. Analysis & Synthesis Resource Usage Summary
  7. Analysis & Synthesis Resource Utilization by Entity
  8. State Machine - |i2c_master_top|i2c_master_byte_ctrl:byte_controller|c_state
  9. Registers Removed During Synthesis
 10. General Register Statistics
 11. Inverted Register Statistics
 12. Multiplexer Restructuring Statistics (Restructuring Performed)
 13. Parameter Settings for User Entity Instance: Top-level Entity: |i2c_master_top
 14. Parameter Settings for User Entity Instance: i2c_master_byte_ctrl:byte_controller
 15. Parameter Settings for User Entity Instance: i2c_master_byte_ctrl:byte_controller|i2c_master_bit_ctrl:bit_controller
 16. Post-Synthesis Netlist Statistics for Top Partition
 17. Elapsed Time Per Partition
 18. Analysis & Synthesis Messages



----------------
; Legal Notice ;
----------------
Copyright (C) 2020  Intel Corporation. All rights reserved.
Your use of Intel Corporation's design tools, logic functions 
and other software and tools, and any partner logic 
functions, and any output files from any of the foregoing 
(including device programming or simulation files), and any 
associated documentation or information are expressly subject 
to the terms and conditions of the Intel Program License 
Subscription Agreement, the Intel Quartus Prime License Agreement,
the Intel FPGA IP License Agreement, or other applicable license
agreement, including, without limitation, that your use is for
the sole purpose of programming logic devices manufactured by
Intel and sold by Intel or its authorized distributors.  Please
refer to the applicable agreement for further details, at
https://fpgasoftware.intel.com/eula.



+-------------------------------------------------------------------------------+
; Analysis & Synthesis Summary                                                  ;
+---------------------------------+---------------------------------------------+
; Analysis & Synthesis Status     ; Successful - Sun Feb 28 15:59:16 2021       ;
; Quartus Prime Version           ; 20.1.0 Build 711 06/05/2020 SJ Lite Edition ;
; Revision Name                   ; i2c_si53304                                 ;
; Top-level Entity Name           ; i2c_master_top                              ;
; Family                          ; Cyclone V                                   ;
; Logic utilization (in ALMs)     ; N/A                                         ;
; Total registers                 ; 153                                         ;
; Total pins                      ; 33                                          ;
; Total virtual pins              ; 0                                           ;
; Total block memory bits         ; 0                                           ;
; Total DSP Blocks                ; 0                                           ;
; Total HSSI RX PCSs              ; 0                                           ;
; Total HSSI PMA RX Deserializers ; 0                                           ;
; Total HSSI TX PCSs              ; 0                                           ;
; Total HSSI PMA TX Serializers   ; 0                                           ;
; Total PLLs                      ; 0                                           ;
; Total DLLs                      ; 0                                           ;
+---------------------------------+---------------------------------------------+


+---------------------------------------------------------------------------------------------------------------------------+
; Analysis & Synthesis Settings                                                                                             ;
+---------------------------------------------------------------------------------+--------------------+--------------------+
; Option                                                                          ; Setting            ; Default Value      ;
+---------------------------------------------------------------------------------+--------------------+--------------------+
; Device                                                                          ; 5CEBA4F23C8        ;                    ;
; Top-level entity name                                                           ; i2c_master_top     ; i2c_si53304        ;
; Family name                                                                     ; Cyclone V          ; Cyclone V          ;
; Use smart compilation                                                           ; Off                ; Off                ;
; Enable parallel Assembler and Timing Analyzer during compilation                ; On                 ; On                 ;
; Enable compact report table                                                     ; Off                ; Off                ;
; Restructure Multiplexers                                                        ; Auto               ; Auto               ;
; MLAB Add Timing Constraints For Mixed-Port Feed-Through Mode Setting Don't Care ; Off                ; Off                ;
; Create Debugging Nodes for IP Cores                                             ; Off                ; Off                ;
; Preserve fewer node names                                                       ; On                 ; On                 ;
; Intel FPGA IP Evaluation Mode                                                   ; Enable             ; Enable             ;
; Verilog Version                                                                 ; Verilog_2001       ; Verilog_2001       ;
; VHDL Version                                                                    ; VHDL_1993          ; VHDL_1993          ;
; State Machine Processing                                                        ; Auto               ; Auto               ;
; Safe State Machine                                                              ; Off                ; Off                ;
; Extract Verilog State Machines                                                  ; On                 ; On                 ;
; Extract VHDL State Machines                                                     ; On                 ; On                 ;
; Ignore Verilog initial constructs                                               ; Off                ; Off                ;
; Iteration limit for constant Verilog loops                                      ; 5000               ; 5000               ;
; Iteration limit for non-constant Verilog loops                                  ; 250                ; 250                ;
; Add Pass-Through Logic to Inferred RAMs                                         ; On                 ; On                 ;
; Infer RAMs from Raw Logic                                                       ; On                 ; On                 ;
; Parallel Synthesis                                                              ; On                 ; On                 ;
; DSP Block Balancing                                                             ; Auto               ; Auto               ;
; NOT Gate Push-Back                                                              ; On                 ; On                 ;
; Power-Up Don't Care                                                             ; On                 ; On                 ;
; Remove Redundant Logic Cells                                                    ; Off                ; Off                ;
; Remove Duplicate Registers                                                      ; On                 ; On                 ;
; Ignore CARRY Buffers                                                            ; Off                ; Off                ;
; Ignore CASCADE Buffers                                                          ; Off                ; Off                ;
; Ignore GLOBAL Buffers                                                           ; Off                ; Off                ;
; Ignore ROW GLOBAL Buffers                                                       ; Off                ; Off                ;
; Ignore LCELL Buffers                                                            ; Off                ; Off                ;
; Ignore SOFT Buffers                                                             ; On                 ; On                 ;
; Limit AHDL Integers to 32 Bits                                                  ; Off                ; Off                ;
; Optimization Technique                                                          ; Balanced           ; Balanced           ;
; Carry Chain Length                                                              ; 70                 ; 70                 ;
; Auto Carry Chains                                                               ; On                 ; On                 ;
; Auto Open-Drain Pins                                                            ; On                 ; On                 ;
; Perform WYSIWYG Primitive Resynthesis                                           ; Off                ; Off                ;
; Auto ROM Replacement                                                            ; On                 ; On                 ;
; Auto RAM Replacement                                                            ; On                 ; On                 ;
; Auto DSP Block Replacement                                                      ; On                 ; On                 ;
; Auto Shift Register Replacement                                                 ; Auto               ; Auto               ;
; Allow Shift Register Merging across Hierarchies                                 ; Auto               ; Auto               ;
; Auto Clock Enable Replacement                                                   ; On                 ; On                 ;
; Strict RAM Replacement                                                          ; Off                ; Off                ;
; Allow Synchronous Control Signals                                               ; On                 ; On                 ;
; Force Use of Synchronous Clear Signals                                          ; Off                ; Off                ;
; Auto Resource Sharing                                                           ; Off                ; Off                ;
; Allow Any RAM Size For Recognition                                              ; Off                ; Off                ;
; Allow Any ROM Size For Recognition                                              ; Off                ; Off                ;
; Allow Any Shift Register Size For Recognition                                   ; Off                ; Off                ;
; Use LogicLock Constraints during Resource Balancing                             ; On                 ; On                 ;
; Ignore translate_off and synthesis_off directives                               ; Off                ; Off                ;
; Timing-Driven Synthesis                                                         ; On                 ; On                 ;
; Report Parameter Settings                                                       ; On                 ; On                 ;
; Report Source Assignments                                                       ; On                 ; On                 ;
; Report Connectivity Checks                                                      ; On                 ; On                 ;
; Ignore Maximum Fan-Out Assignments                                              ; Off                ; Off                ;
; Synchronization Register Chain Length                                           ; 3                  ; 3                  ;
; Power Optimization During Synthesis                                             ; Normal compilation ; Normal compilation ;
; HDL message level                                                               ; Level2             ; Level2             ;
; Suppress Register Optimization Related Messages                                 ; Off                ; Off                ;
; Number of Removed Registers Reported in Synthesis Report                        ; 5000               ; 5000               ;
; Number of Swept Nodes Reported in Synthesis Report                              ; 5000               ; 5000               ;
; Number of Inverted Registers Reported in Synthesis Report                       ; 100                ; 100                ;
; Clock MUX Protection                                                            ; On                 ; On                 ;
; Auto Gated Clock Conversion                                                     ; Off                ; Off                ;
; Block Design Naming                                                             ; Auto               ; Auto               ;
; SDC constraint protection                                                       ; Off                ; Off                ;
; Synthesis Effort                                                                ; Auto               ; Auto               ;
; Shift Register Replacement - Allow Asynchronous Clear Signal                    ; On                 ; On                 ;
; Pre-Mapping Resynthesis Optimization                                            ; Off                ; Off                ;
; Analysis & Synthesis Message Level                                              ; Medium             ; Medium             ;
; Disable Register Merging Across Hierarchies                                     ; Auto               ; Auto               ;
; Resource Aware Inference For Block RAM                                          ; On                 ; On                 ;
; Automatic Parallel Synthesis                                                    ; On                 ; On                 ;
; Partial Reconfiguration Bitstream ID                                            ; Off                ; Off                ;
+---------------------------------------------------------------------------------+--------------------+--------------------+


+------------------------------------------+
; Parallel Compilation                     ;
+----------------------------+-------------+
; Processors                 ; Number      ;
+----------------------------+-------------+
; Number detected on machine ; 4           ;
; Maximum allowed            ; 2           ;
;                            ;             ;
; Average used               ; 1.00        ;
; Maximum used               ; 2           ;
;                            ;             ;
; Usage by Processor         ; % Time Used ;
;     Processor 1            ; 100.0%      ;
;     Processor 2            ;   0.0%      ;
+----------------------------+-------------+


+----------------------------------------------------------------------------------------------------------------------------------------------------------------------------------------------------------------------+
; Analysis & Synthesis Source Files Read                                                                                                                                                                               ;
+------------------------------------+-----------------+------------------------+----------------------------------------------------------------------------------------------------------------------------+---------+
; File Name with User-Entered Path   ; Used in Netlist ; File Type              ; File Name with Absolute Path                                                                                               ; Library ;
+------------------------------------+-----------------+------------------------+----------------------------------------------------------------------------------------------------------------------------+---------+
; rtl/verilog/i2c_master_top.v       ; yes             ; User Verilog HDL File  ; C:/Users/GMateusDP/Documents/Trobina/Development/Software/BladeRF/fpga/ip/opencores/i2c/rtl/verilog/i2c_master_top.v       ;         ;
; rtl/verilog/i2c_master_defines.v   ; yes             ; User Verilog HDL File  ; C:/Users/GMateusDP/Documents/Trobina/Development/Software/BladeRF/fpga/ip/opencores/i2c/rtl/verilog/i2c_master_defines.v   ;         ;
; rtl/verilog/i2c_master_byte_ctrl.v ; yes             ; User Verilog HDL File  ; C:/Users/GMateusDP/Documents/Trobina/Development/Software/BladeRF/fpga/ip/opencores/i2c/rtl/verilog/i2c_master_byte_ctrl.v ;         ;
; rtl/verilog/i2c_master_bit_ctrl.v  ; yes             ; User Verilog HDL File  ; C:/Users/GMateusDP/Documents/Trobina/Development/Software/BladeRF/fpga/ip/opencores/i2c/rtl/verilog/i2c_master_bit_ctrl.v  ;         ;
+------------------------------------+-----------------+------------------------+----------------------------------------------------------------------------------------------------------------------------+---------+


+--------------------------------------------------------------+
; Analysis & Synthesis Resource Usage Summary                  ;
+---------------------------------------------+----------------+
; Resource                                    ; Usage          ;
+---------------------------------------------+----------------+
; Estimate of Logic utilization (ALMs needed) ; 158            ;
;                                             ;                ;
; Combinational ALUT usage for logic          ; 234            ;
;     -- 7 input functions                    ; 5              ;
;     -- 6 input functions                    ; 65             ;
;     -- 5 input functions                    ; 34             ;
;     -- 4 input functions                    ; 32             ;
;     -- <=3 input functions                  ; 98             ;
;                                             ;                ;
; Dedicated logic registers                   ; 153            ;
;                                             ;                ;
; I/O pins                                    ; 33             ;
;                                             ;                ;
; Total DSP Blocks                            ; 0              ;
;                                             ;                ;
; Maximum fan-out node                        ; wb_clk_i~input ;
; Maximum fan-out                             ; 153            ;
; Total fan-out                               ; 1650           ;
; Average fan-out                             ; 3.64           ;
+---------------------------------------------+----------------+


+-------------------------------------------------------------------------------------------------------------------------------------------------------------------------------------------------------------------------------------------------------------------------------------+
; Analysis & Synthesis Resource Utilization by Entity                                                                                                                                                                                                                                 ;
+--------------------------------------------+---------------------+---------------------------+-------------------+------------+------+--------------+-----------------------------------------------------------------------------------------+----------------------+--------------+
; Compilation Hierarchy Node                 ; Combinational ALUTs ; Dedicated Logic Registers ; Block Memory Bits ; DSP Blocks ; Pins ; Virtual Pins ; Full Hierarchy Name                                                                     ; Entity Name          ; Library Name ;
+--------------------------------------------+---------------------+---------------------------+-------------------+------------+------+--------------+-----------------------------------------------------------------------------------------+----------------------+--------------+
; |i2c_master_top                            ; 234 (62)            ; 153 (54)                  ; 0                 ; 0          ; 33   ; 0            ; |i2c_master_top                                                                         ; i2c_master_top       ; work         ;
;    |i2c_master_byte_ctrl:byte_controller|  ; 172 (46)            ; 99 (26)                   ; 0                 ; 0          ; 0    ; 0            ; |i2c_master_top|i2c_master_byte_ctrl:byte_controller                                    ; i2c_master_byte_ctrl ; work         ;
;       |i2c_master_bit_ctrl:bit_controller| ; 126 (126)           ; 73 (73)                   ; 0                 ; 0          ; 0    ; 0            ; |i2c_master_top|i2c_master_byte_ctrl:byte_controller|i2c_master_bit_ctrl:bit_controller ; i2c_master_bit_ctrl  ; work         ;
+--------------------------------------------+---------------------+---------------------------+-------------------+------------+------+--------------+-----------------------------------------------------------------------------------------+----------------------+--------------+
Note: For table entries with two numbers listed, the numbers in parentheses indicate the number of resources of the given type used by the specific entity alone. The numbers listed outside of parentheses indicate the total resources of the given type used by the specific entity and all of its sub-entities in the hierarchy.


Encoding Type:  One-Hot
+-------------------------------------------------------------------------------------------------------------------------------+
; State Machine - |i2c_master_top|i2c_master_byte_ctrl:byte_controller|c_state                                                  ;
+------------------+-----------------+-----------------+----------------+------------------+-----------------+------------------+
; Name             ; c_state.ST_IDLE ; c_state.ST_STOP ; c_state.ST_ACK ; c_state.ST_WRITE ; c_state.ST_READ ; c_state.ST_START ;
+------------------+-----------------+-----------------+----------------+------------------+-----------------+------------------+
; c_state.ST_IDLE  ; 0               ; 0               ; 0              ; 0                ; 0               ; 0                ;
; c_state.ST_START ; 1               ; 0               ; 0              ; 0                ; 0               ; 1                ;
; c_state.ST_READ  ; 1               ; 0               ; 0              ; 0                ; 1               ; 0                ;
; c_state.ST_WRITE ; 1               ; 0               ; 0              ; 1                ; 0               ; 0                ;
; c_state.ST_ACK   ; 1               ; 0               ; 1              ; 0                ; 0               ; 0                ;
; c_state.ST_STOP  ; 1               ; 1               ; 0              ; 0                ; 0               ; 0                ;
+------------------+-----------------+-----------------+----------------+------------------+-----------------+------------------+


+---------------------------------------------------------------------------------------------------------------------------------------------------------------------------------------+
; Registers Removed During Synthesis                                                                                                                                                    ;
+-------------------------------------------------------------------------------------+-------------------------------------------------------------------------------------------------+
; Register name                                                                       ; Reason for Removal                                                                              ;
+-------------------------------------------------------------------------------------+-------------------------------------------------------------------------------------------------+
; i2c_master_byte_ctrl:byte_controller|i2c_master_bit_ctrl:bit_controller|sda_chk     ; Merged with i2c_master_byte_ctrl:byte_controller|i2c_master_bit_ctrl:bit_controller|c_state[16] ;
; i2c_master_byte_ctrl:byte_controller|i2c_master_bit_ctrl:bit_controller|c_state[17] ; Stuck at GND due to stuck port data_in                                                          ;
; Total Number of Removed Registers = 2                                               ;                                                                                                 ;
+-------------------------------------------------------------------------------------+-------------------------------------------------------------------------------------------------+


+------------------------------------------------------+
; General Register Statistics                          ;
+----------------------------------------------+-------+
; Statistic                                    ; Value ;
+----------------------------------------------+-------+
; Total registers                              ; 153   ;
; Number of registers using Synchronous Clear  ; 66    ;
; Number of registers using Synchronous Load   ; 38    ;
; Number of registers using Asynchronous Clear ; 142   ;
; Number of registers using Asynchronous Load  ; 0     ;
; Number of registers using Clock Enable       ; 93    ;
; Number of registers using Preset             ; 0     ;
+----------------------------------------------+-------+


+-------------------------------------------------------------------------------------------+
; Inverted Register Statistics                                                              ;
+---------------------------------------------------------------------------------+---------+
; Inverted Register                                                               ; Fan out ;
+---------------------------------------------------------------------------------+---------+
; i2c_master_byte_ctrl:byte_controller|i2c_master_bit_ctrl:bit_controller|scl_oen ; 5       ;
; i2c_master_byte_ctrl:byte_controller|i2c_master_bit_ctrl:bit_controller|sda_oen ; 3       ;
; prer[0]                                                                         ; 2       ;
; prer[8]                                                                         ; 2       ;
; prer[1]                                                                         ; 2       ;
; prer[9]                                                                         ; 2       ;
; prer[2]                                                                         ; 2       ;
; prer[10]                                                                        ; 2       ;
; prer[3]                                                                         ; 2       ;
; prer[11]                                                                        ; 2       ;
; prer[4]                                                                         ; 2       ;
; prer[12]                                                                        ; 2       ;
; prer[5]                                                                         ; 2       ;
; prer[13]                                                                        ; 2       ;
; prer[6]                                                                         ; 2       ;
; prer[14]                                                                        ; 2       ;
; prer[7]                                                                         ; 2       ;
; prer[15]                                                                        ; 2       ;
; i2c_master_byte_ctrl:byte_controller|i2c_master_bit_ctrl:bit_controller|clk_en  ; 3       ;
; i2c_master_byte_ctrl:byte_controller|i2c_master_bit_ctrl:bit_controller|sSDA    ; 5       ;
; i2c_master_byte_ctrl:byte_controller|i2c_master_bit_ctrl:bit_controller|sSCL    ; 6       ;
; i2c_master_byte_ctrl:byte_controller|i2c_master_bit_ctrl:bit_controller|dSCL    ; 2       ;
; i2c_master_byte_ctrl:byte_controller|i2c_master_bit_ctrl:bit_controller|dSDA    ; 2       ;
; i2c_master_byte_ctrl:byte_controller|i2c_master_bit_ctrl:bit_controller|fSDA[1] ; 2       ;
; i2c_master_byte_ctrl:byte_controller|i2c_master_bit_ctrl:bit_controller|fSDA[0] ; 2       ;
; i2c_master_byte_ctrl:byte_controller|i2c_master_bit_ctrl:bit_controller|fSDA[2] ; 1       ;
; i2c_master_byte_ctrl:byte_controller|i2c_master_bit_ctrl:bit_controller|fSCL[1] ; 2       ;
; i2c_master_byte_ctrl:byte_controller|i2c_master_bit_ctrl:bit_controller|fSCL[0] ; 2       ;
; i2c_master_byte_ctrl:byte_controller|i2c_master_bit_ctrl:bit_controller|fSCL[2] ; 1       ;
; Total number of inverted registers = 29                                         ;         ;
+---------------------------------------------------------------------------------+---------+


+----------------------------------------------------------------------------------------------------------------------------------------------------------------------------------------------------------------------+
; Multiplexer Restructuring Statistics (Restructuring Performed)                                                                                                                                                       ;
+--------------------+-----------+---------------+----------------------+------------------------+------------+--------------------------------------------------------------------------------------------------------+
; Multiplexer Inputs ; Bus Width ; Baseline Area ; Area if Restructured ; Saving if Restructured ; Registered ; Example Multiplexer Output                                                                             ;
+--------------------+-----------+---------------+----------------------+------------------------+------------+--------------------------------------------------------------------------------------------------------+
; 3:1                ; 13 bits   ; 26 LEs        ; 0 LEs                ; 26 LEs                 ; Yes        ; |i2c_master_top|i2c_master_byte_ctrl:byte_controller|i2c_master_bit_ctrl:bit_controller|c_state[8]     ;
; 3:1                ; 8 bits    ; 16 LEs        ; 0 LEs                ; 16 LEs                 ; Yes        ; |i2c_master_top|ctr[6]                                                                                 ;
; 3:1                ; 8 bits    ; 16 LEs        ; 0 LEs                ; 16 LEs                 ; Yes        ; |i2c_master_top|txr[6]                                                                                 ;
; 3:1                ; 16 bits   ; 32 LEs        ; 0 LEs                ; 32 LEs                 ; Yes        ; |i2c_master_top|i2c_master_byte_ctrl:byte_controller|i2c_master_bit_ctrl:bit_controller|cnt[0]         ;
; 3:1                ; 14 bits   ; 28 LEs        ; 0 LEs                ; 28 LEs                 ; Yes        ; |i2c_master_top|i2c_master_byte_ctrl:byte_controller|i2c_master_bit_ctrl:bit_controller|filter_cnt[12] ;
; 8:1                ; 3 bits    ; 15 LEs        ; 15 LEs               ; 0 LEs                  ; Yes        ; |i2c_master_top|wb_dat_o[4]~reg0                                                                       ;
; 8:1                ; 5 bits    ; 25 LEs        ; 25 LEs               ; 0 LEs                  ; Yes        ; |i2c_master_top|wb_dat_o[1]~reg0                                                                       ;
; 4:1                ; 4 bits    ; 8 LEs         ; 8 LEs                ; 0 LEs                  ; Yes        ; |i2c_master_top|i2c_master_byte_ctrl:byte_controller|i2c_master_bit_ctrl:bit_controller|c_state[9]     ;
; 4:1                ; 4 bits    ; 8 LEs         ; 8 LEs                ; 0 LEs                  ; Yes        ; |i2c_master_top|cr[4]                                                                                  ;
; 4:1                ; 3 bits    ; 6 LEs         ; 6 LEs                ; 0 LEs                  ; Yes        ; |i2c_master_top|cr[2]                                                                                  ;
; 4:1                ; 3 bits    ; 6 LEs         ; 6 LEs                ; 0 LEs                  ; Yes        ; |i2c_master_top|i2c_master_byte_ctrl:byte_controller|dcnt[0]                                           ;
; 4:1                ; 8 bits    ; 16 LEs        ; 0 LEs                ; 16 LEs                 ; Yes        ; |i2c_master_top|i2c_master_byte_ctrl:byte_controller|sr[6]                                             ;
; 11:1               ; 2 bits    ; 14 LEs        ; 8 LEs                ; 6 LEs                  ; Yes        ; |i2c_master_top|i2c_master_byte_ctrl:byte_controller|core_cmd[3]                                       ;
; 3:1                ; 8 bits    ; 16 LEs        ; 8 LEs                ; 8 LEs                  ; Yes        ; |i2c_master_top|prer[6]                                                                                ;
; 3:1                ; 8 bits    ; 16 LEs        ; 8 LEs                ; 8 LEs                  ; Yes        ; |i2c_master_top|prer[12]                                                                               ;
; 3:1                ; 6 bits    ; 12 LEs        ; 6 LEs                ; 6 LEs                  ; Yes        ; |i2c_master_top|i2c_master_byte_ctrl:byte_controller|i2c_master_bit_ctrl:bit_controller|fSDA[1]        ;
; 3:1                ; 2 bits    ; 4 LEs         ; 4 LEs                ; 0 LEs                  ; No         ; |i2c_master_top|i2c_master_byte_ctrl:byte_controller|core_cmd                                          ;
+--------------------+-----------+---------------+----------------------+------------------------+------------+--------------------------------------------------------------------------------------------------------+


+--------------------------------------------------------------------------------+
; Parameter Settings for User Entity Instance: Top-level Entity: |i2c_master_top ;
+----------------+-------+-------------------------------------------------------+
; Parameter Name ; Value ; Type                                                  ;
+----------------+-------+-------------------------------------------------------+
; ARST_LVL       ; 0     ; Signed Integer                                        ;
+----------------+-------+-------------------------------------------------------+
Note: In order to hide this table in the UI and the text report file, please set the "Show Parameter Settings in Synthesis Report" option in "Analysis and Synthesis Settings -> More Settings" to "Off".


+-----------------------------------------------------------------------------------+
; Parameter Settings for User Entity Instance: i2c_master_byte_ctrl:byte_controller ;
+----------------+-------+----------------------------------------------------------+
; Parameter Name ; Value ; Type                                                     ;
+----------------+-------+----------------------------------------------------------+
; ST_IDLE        ; 00000 ; Unsigned Binary                                          ;
; ST_START       ; 00001 ; Unsigned Binary                                          ;
; ST_READ        ; 00010 ; Unsigned Binary                                          ;
; ST_WRITE       ; 00100 ; Unsigned Binary                                          ;
; ST_ACK         ; 01000 ; Unsigned Binary                                          ;
; ST_STOP        ; 10000 ; Unsigned Binary                                          ;
+----------------+-------+----------------------------------------------------------+
Note: In order to hide this table in the UI and the text report file, please set the "Show Parameter Settings in Synthesis Report" option in "Analysis and Synthesis Settings -> More Settings" to "Off".


+----------------------------------------------------------------------------------------------------------------------+
; Parameter Settings for User Entity Instance: i2c_master_byte_ctrl:byte_controller|i2c_master_bit_ctrl:bit_controller ;
+----------------+--------------------+--------------------------------------------------------------------------------+
; Parameter Name ; Value              ; Type                                                                           ;
+----------------+--------------------+--------------------------------------------------------------------------------+
; idle           ; 000000000000000000 ; Unsigned Binary                                                                ;
; start_a        ; 000000000000000001 ; Unsigned Binary                                                                ;
; start_b        ; 000000000000000010 ; Unsigned Binary                                                                ;
; start_c        ; 000000000000000100 ; Unsigned Binary                                                                ;
; start_d        ; 000000000000001000 ; Unsigned Binary                                                                ;
; start_e        ; 000000000000010000 ; Unsigned Binary                                                                ;
; stop_a         ; 000000000000100000 ; Unsigned Binary                                                                ;
; stop_b         ; 000000000001000000 ; Unsigned Binary                                                                ;
; stop_c         ; 000000000010000000 ; Unsigned Binary                                                                ;
; stop_d         ; 000000000100000000 ; Unsigned Binary                                                                ;
; rd_a           ; 000000001000000000 ; Unsigned Binary                                                                ;
; rd_b           ; 000000010000000000 ; Unsigned Binary                                                                ;
; rd_c           ; 000000100000000000 ; Unsigned Binary                                                                ;
; rd_d           ; 000001000000000000 ; Unsigned Binary                                                                ;
; wr_a           ; 000010000000000000 ; Unsigned Binary                                                                ;
; wr_b           ; 000100000000000000 ; Unsigned Binary                                                                ;
; wr_c           ; 001000000000000000 ; Unsigned Binary                                                                ;
; wr_d           ; 010000000000000000 ; Unsigned Binary                                                                ;
+----------------+--------------------+--------------------------------------------------------------------------------+
Note: In order to hide this table in the UI and the text report file, please set the "Show Parameter Settings in Synthesis Report" option in "Analysis and Synthesis Settings -> More Settings" to "Off".


+-----------------------------------------------------+
; Post-Synthesis Netlist Statistics for Top Partition ;
+-----------------------+-----------------------------+
; Type                  ; Count                       ;
+-----------------------+-----------------------------+
; arriav_ff             ; 153                         ;
;     CLR               ; 20                          ;
;     CLR SCLR          ; 15                          ;
;     CLR SCLR SLD      ; 14                          ;
;     ENA CLR           ; 40                          ;
;     ENA CLR SCLR      ; 29                          ;
;     ENA CLR SCLR SLD  ; 8                           ;
;     ENA CLR SLD       ; 16                          ;
;     plain             ; 11                          ;
; arriav_lcell_comb     ; 237                         ;
;     arith             ; 30                          ;
;         1 data inputs ; 30                          ;
;     extend            ; 5                           ;
;         7 data inputs ; 5                           ;
;     normal            ; 202                         ;
;         0 data inputs ; 1                           ;
;         1 data inputs ; 20                          ;
;         2 data inputs ; 27                          ;
;         3 data inputs ; 23                          ;
;         4 data inputs ; 32                          ;
;         5 data inputs ; 34                          ;
;         6 data inputs ; 65                          ;
; boundary_port         ; 33                          ;
;                       ;                             ;
; Max LUT depth         ; 5.00                        ;
; Average LUT depth     ; 2.15                        ;
+-----------------------+-----------------------------+


+-------------------------------+
; Elapsed Time Per Partition    ;
+----------------+--------------+
; Partition Name ; Elapsed Time ;
+----------------+--------------+
; Top            ; 00:00:01     ;
+----------------+--------------+


+-------------------------------+
; Analysis & Synthesis Messages ;
+-------------------------------+
Info: *******************************************************************
Info: Running Quartus Prime Analysis & Synthesis
    Info: Version 20.1.0 Build 711 06/05/2020 SJ Lite Edition
    Info: Processing started: Sun Feb 28 15:58:50 2021
Info: Command: quartus_map --read_settings_files=on --write_settings_files=off i2c_si53304 -c i2c_si53304
Warning (18236): Number of processors has not been specified which may cause overloading on shared machines.  Set the global assignment NUM_PARALLEL_PROCESSORS in your QSF to an appropriate value for best performance.
Info (20030): Parallel compilation is enabled and will use 2 of the 2 processors detected
Info (12021): Found 0 design units, including 0 entities, in source file rtl/verilog/timescale.v
Info (12021): Found 1 design units, including 1 entities, in source file rtl/verilog/i2c_master_top.v
    Info (12023): Found entity 1: i2c_master_top File: C:/Users/GMateusDP/Documents/Trobina/Development/Software/BladeRF/fpga/ip/opencores/i2c/rtl/verilog/i2c_master_top.v Line: 78
Info (12021): Found 0 design units, including 0 entities, in source file rtl/verilog/i2c_master_defines.v
Warning (10335): Unrecognized synthesis attribute "enum_state" at rtl/verilog/i2c_master_byte_ctrl.v(199) File: C:/Users/GMateusDP/Documents/Trobina/Development/Software/BladeRF/fpga/ip/opencores/i2c/rtl/verilog/i2c_master_byte_ctrl.v Line: 199
Info (12021): Found 1 design units, including 1 entities, in source file rtl/verilog/i2c_master_byte_ctrl.v
    Info (12023): Found entity 1: i2c_master_byte_ctrl File: C:/Users/GMateusDP/Documents/Trobina/Development/Software/BladeRF/fpga/ip/opencores/i2c/rtl/verilog/i2c_master_byte_ctrl.v Line: 75
Warning (10335): Unrecognized synthesis attribute "enum_state" at rtl/verilog/i2c_master_bit_ctrl.v(185) File: C:/Users/GMateusDP/Documents/Trobina/Development/Software/BladeRF/fpga/ip/opencores/i2c/rtl/verilog/i2c_master_bit_ctrl.v Line: 185
Info (12021): Found 1 design units, including 1 entities, in source file rtl/verilog/i2c_master_bit_ctrl.v
    Info (12023): Found entity 1: i2c_master_bit_ctrl File: C:/Users/GMateusDP/Documents/Trobina/Development/Software/BladeRF/fpga/ip/opencores/i2c/rtl/verilog/i2c_master_bit_ctrl.v Line: 143
Info (12127): Elaborating entity "i2c_master_top" for the top level hierarchy
Info (12128): Elaborating entity "i2c_master_byte_ctrl" for hierarchy "i2c_master_byte_ctrl:byte_controller" File: C:/Users/GMateusDP/Documents/Trobina/Development/Software/BladeRF/fpga/ip/opencores/i2c/rtl/verilog/i2c_master_top.v Line: 257
Info (12128): Elaborating entity "i2c_master_bit_ctrl" for hierarchy "i2c_master_byte_ctrl:byte_controller|i2c_master_bit_ctrl:bit_controller" File: C:/Users/GMateusDP/Documents/Trobina/Development/Software/BladeRF/fpga/ip/opencores/i2c/rtl/verilog/i2c_master_byte_ctrl.v Line: 164
Warning (10766): Verilog HDL Synthesis Attribute warning at i2c_master_bit_ctrl.v(410): ignoring full_case attribute on case statement with explicit default case item File: C:/Users/GMateusDP/Documents/Trobina/Development/Software/BladeRF/fpga/ip/opencores/i2c/rtl/verilog/i2c_master_bit_ctrl.v Line: 410
Info (10264): Verilog HDL Case Statement information at i2c_master_bit_ctrl.v(410): all case item expressions in this case statement are onehot File: C:/Users/GMateusDP/Documents/Trobina/Development/Software/BladeRF/fpga/ip/opencores/i2c/rtl/verilog/i2c_master_bit_ctrl.v Line: 410
Warning (10208): Verilog HDL Case Statement warning at i2c_master_bit_ctrl.v(406): honored full_case synthesis attribute - differences between design synthesis and simulation may occur File: C:/Users/GMateusDP/Documents/Trobina/Development/Software/BladeRF/fpga/ip/opencores/i2c/rtl/verilog/i2c_master_bit_ctrl.v Line: 406
Warning (13024): Output pins are stuck at VCC or GND
    Warning (13410): Pin "scl_pad_o" is stuck at GND File: C:/Users/GMateusDP/Documents/Trobina/Development/Software/BladeRF/fpga/ip/opencores/i2c/rtl/verilog/i2c_master_top.v Line: 110
    Warning (13410): Pin "sda_pad_o" is stuck at GND File: C:/Users/GMateusDP/Documents/Trobina/Development/Software/BladeRF/fpga/ip/opencores/i2c/rtl/verilog/i2c_master_top.v Line: 115
Info (286030): Timing-Driven Synthesis is running
Info (16010): Generating hard_block partition "hard_block:auto_generated_inst"
    Info (16011): Adding 0 node(s), including 0 DDIO, 0 PLL, 0 transceiver and 0 LCELL
Info (21057): Implemented 321 device resources after synthesis - the final resource count might be different
    Info (21058): Implemented 19 input pins
    Info (21059): Implemented 14 output pins
    Info (21061): Implemented 288 logic cells
Info: Quartus Prime Analysis & Synthesis was successful. 0 errors, 8 warnings
    Info: Peak virtual memory: 4793 megabytes
    Info: Processing ended: Sun Feb 28 15:59:16 2021
    Info: Elapsed time: 00:00:26
    Info: Total CPU time (on all processors): 00:00:48


