Info: Starting: Create block symbol file (.bsf)
Info: qsys-generate C:\Users\GMateusDP\Documents\Trobina\Development\Software\BladeRF\fpga\ip\opencores\i2c\qsys\i2c_si53304.qsys --block-symbol-file --output-directory=C:\Users\GMateusDP\Documents\Trobina\Development\Software\BladeRF\fpga\ip\opencores\i2c\qsys\i2c_si53304 --family="Cyclone V" --part=5CEBA4F23C8
Progress: Loading qsys/i2c_si53304.qsys
Progress: Reading input file
Progress: Adding bladerf_oc_i2c_master_0 [bladerf_oc_i2c_master 1.0]
Progress: Parameterizing module bladerf_oc_i2c_master_0
Progress: Building connections
Progress: Parameterizing connections
Progress: Validating
Progress: Done reading input file
Warning: i2c_si53304.bladerf_oc_i2c_master_0: Interrupt sender bladerf_oc_i2c_master_0.interrupt_sender is not connected to an interrupt receiver
Warning: i2c_si53304.bladerf_oc_i2c_master_0: bladerf_oc_i2c_master_0.bladerf_oc_i2c_master must be connected to an Avalon-MM master
Info: qsys-generate succeeded.
Info: Finished: Create block symbol file (.bsf)
Info: 
Info: Starting: Create HDL design files for synthesis
Info: qsys-generate C:\Users\GMateusDP\Documents\Trobina\Development\Software\BladeRF\fpga\ip\opencores\i2c\qsys\i2c_si53304.qsys --synthesis=VERILOG --output-directory=C:\Users\GMateusDP\Documents\Trobina\Development\Software\BladeRF\fpga\ip\opencores\i2c\qsys\i2c_si53304\synthesis --family="Cyclone V" --part=5CEBA4F23C8
Progress: Loading qsys/i2c_si53304.qsys
Progress: Reading input file
Progress: Adding bladerf_oc_i2c_master_0 [bladerf_oc_i2c_master 1.0]
Progress: Parameterizing module bladerf_oc_i2c_master_0
Progress: Building connections
Progress: Parameterizing connections
Progress: Validating
Progress: Done reading input file
Warning: i2c_si53304.bladerf_oc_i2c_master_0: Interrupt sender bladerf_oc_i2c_master_0.interrupt_sender is not connected to an interrupt receiver
Warning: i2c_si53304.bladerf_oc_i2c_master_0: bladerf_oc_i2c_master_0.bladerf_oc_i2c_master must be connected to an Avalon-MM master
Info: i2c_si53304: Generating i2c_si53304 "i2c_si53304" for QUARTUS_SYNTH
Info: bladerf_oc_i2c_master_0: "i2c_si53304" instantiated bladerf_oc_i2c_master "bladerf_oc_i2c_master_0"
Info: i2c_si53304: Done "i2c_si53304" with 2 modules, 6 files
Info: qsys-generate succeeded.
Info: Finished: Create HDL design files for synthesis
