Flow report for trobina_controller
Sun Mar 07 21:39:40 2021
Quartus Prime Version 20.1.0 Build 711 06/05/2020 SJ Lite Edition


---------------------
; Table of Contents ;
---------------------
  1. Legal Notice
  2. Flow Summary
  3. Flow Settings
  4. Flow Non-Default Global Settings
  5. Flow Elapsed Time
  6. Flow OS Summary
  7. Flow Log
  8. Flow Messages
  9. Flow Suppressed Messages



----------------
; Legal Notice ;
----------------
Copyright (C) 2020  Intel Corporation. All rights reserved.
Your use of Intel Corporation's design tools, logic functions 
and other software and tools, and any partner logic 
functions, and any output files from any of the foregoing 
(including device programming or simulation files), and any 
associated documentation or information are expressly subject 
to the terms and conditions of the Intel Program License 
Subscription Agreement, the Intel Quartus Prime License Agreement,
the Intel FPGA IP License Agreement, or other applicable license
agreement, including, without limitation, that your use is for
the sole purpose of programming logic devices manufactured by
Intel and sold by Intel or its authorized distributors.  Please
refer to the applicable agreement for further details, at
https://fpgasoftware.intel.com/eula.



+-------------------------------------------------------------------------------+
; Flow Summary                                                                  ;
+---------------------------------+---------------------------------------------+
; Flow Status                     ; Successful - Sun Mar 07 21:36:53 2021       ;
; Quartus Prime Version           ; 20.1.0 Build 711 06/05/2020 SJ Lite Edition ;
; Revision Name                   ; trobina_controller                          ;
; Top-level Entity Name           ; trobina_controller                          ;
; Family                          ; Cyclone V                                   ;
; Device                          ; 5CEBA4F23C8                                 ;
; Timing Models                   ; Final                                       ;
; Logic utilization (in ALMs)     ; 14,752 / 18,480 ( 80 % )                    ;
; Total registers                 ; 31679                                       ;
; Total pins                      ; 86 / 224 ( 38 % )                           ;
; Total virtual pins              ; 0                                           ;
; Total block memory bits         ; 2,117,762 / 3,153,920 ( 67 % )              ;
; Total DSP Blocks                ; 66 / 66 ( 100 % )                           ;
; Total HSSI RX PCSs              ; 0                                           ;
; Total HSSI PMA RX Deserializers ; 0                                           ;
; Total HSSI TX PCSs              ; 0                                           ;
; Total HSSI PMA TX Serializers   ; 0                                           ;
; Total PLLs                      ; 2 / 4 ( 50 % )                              ;
; Total DLLs                      ; 0 / 4 ( 0 % )                               ;
+---------------------------------+---------------------------------------------+


+-----------------------------------------+
; Flow Settings                           ;
+-------------------+---------------------+
; Option            ; Setting             ;
+-------------------+---------------------+
; Start date & time ; 03/07/2021 21:10:47 ;
; Main task         ; Compilation         ;
; Revision Name     ; trobina_controller  ;
+-------------------+---------------------+


+-------------------------------------------------------------------------------------------------------------------------------------------------------------------------------------------------------------------------------------------------------------------------------------------------------------------------------------------------------------------------------------------------------------------------------------------------------------------------------------------------------------------------------------------------------------------------------------------+
; Flow Non-Default Global Settings                                                                                                                                                                                                                                                                                                                                                                                                                                                                                                                                                          ;
+-------------------------------------+----------------------------------------------------------------------------------------------------------------------------------------------------------------------------------------------------------------------------------------------------------------------------------------------------------------------------------------------------------------------------------------------------------------------------------------------------------------------------------------------------------+---------------+-------------+------------+
; Assignment Name                     ; Value                                                                                                                                                                                                                                                                                                                                                                                                                                                                                                    ; Default Value ; Entity Name ; Section Id ;
+-------------------------------------+----------------------------------------------------------------------------------------------------------------------------------------------------------------------------------------------------------------------------------------------------------------------------------------------------------------------------------------------------------------------------------------------------------------------------------------------------------------------------------------------------------+---------------+-------------+------------+
; COMPILER_SIGNATURE_ID               ; 93383156820899.161514784521264                                                                                                                                                                                                                                                                                                                                                                                                                                                                           ; --            ; --          ; --         ;
; IP_SEARCH_PATHS                     ; d:\salukat\development\software\quartus\bladerf_micro\fpga\ip\nuand\vctcxo_tamer\qsys;d:\salukat\development\software\quartus\bladerf_micro\fpga\ip\nuand\vctcxo_tamer;d:\salukat\development\software\quartus\bladerf_micro\fpga\ip\opencores\i2c\i2c_sys;c:\users\gmateusdp\documents\trobina\development\software\bladerf\fpga\ip;c:\users\gmateusdp\documents\trobina\development\software\bladerf\fpga\ip\opencores\i2c;d:\salukat\development\software\quartus\bladerf_micro\fpga\ip\opencores\i2c ; --            ; --          ; --         ;
; MAX_CORE_JUNCTION_TEMP              ; 85                                                                                                                                                                                                                                                                                                                                                                                                                                                                                                       ; --            ; --          ; --         ;
; MIN_CORE_JUNCTION_TEMP              ; 0                                                                                                                                                                                                                                                                                                                                                                                                                                                                                                        ; --            ; --          ; --         ;
; MISC_FILE                           ; nios_cpu/synthesis/../nios_cpu.cmp                                                                                                                                                                                                                                                                                                                                                                                                                                                                       ; --            ; --          ; --         ;
; MISC_FILE                           ; nios_cpu/synthesis/../../nios_cpu.qsys                                                                                                                                                                                                                                                                                                                                                                                                                                                                   ; --            ; --          ; --         ;
; MISC_FILE                           ; system_pll.cmp                                                                                                                                                                                                                                                                                                                                                                                                                                                                                           ; --            ; --          ; --         ;
; MISC_FILE                           ; system_pll_sim/system_pll.vho                                                                                                                                                                                                                                                                                                                                                                                                                                                                            ; --            ; --          ; --         ;
; PARTITION_COLOR                     ; -- (Not supported for targeted family)                                                                                                                                                                                                                                                                                                                                                                                                                                                                   ; --            ; --          ; Top        ;
; PARTITION_FITTER_PRESERVATION_LEVEL ; -- (Not supported for targeted family)                                                                                                                                                                                                                                                                                                                                                                                                                                                                   ; --            ; --          ; Top        ;
; PARTITION_NETLIST_TYPE              ; -- (Not supported for targeted family)                                                                                                                                                                                                                                                                                                                                                                                                                                                                   ; --            ; --          ; Top        ;
; POWER_BOARD_THERMAL_MODEL           ; None (CONSERVATIVE)                                                                                                                                                                                                                                                                                                                                                                                                                                                                                      ; --            ; --          ; --         ;
; POWER_PRESET_COOLING_SOLUTION       ; 23 MM HEAT SINK WITH 200 LFPM AIRFLOW                                                                                                                                                                                                                                                                                                                                                                                                                                                                    ; --            ; --          ; --         ;
; PROJECT_OUTPUT_DIRECTORY            ; output_files                                                                                                                                                                                                                                                                                                                                                                                                                                                                                             ; --            ; --          ; --         ;
; SEARCH_PATH                         ; software/bladerf_app/mem_init/                                                                                                                                                                                                                                                                                                                                                                                                                                                                           ; --            ; --          ; --         ;
; SLD_FILE                            ; nios_cpu/synthesis/nios_cpu.regmap                                                                                                                                                                                                                                                                                                                                                                                                                                                                       ; --            ; --          ; --         ;
; SLD_FILE                            ; nios_cpu/synthesis/nios_cpu.debuginfo                                                                                                                                                                                                                                                                                                                                                                                                                                                                    ; --            ; --          ; --         ;
; SLD_INFO                            ; QSYS_NAME nios_cpu HAS_SOPCINFO 1 GENERATION_ID 1615147468                                                                                                                                                                                                                                                                                                                                                                                                                                               ; --            ; nios_cpu    ; --         ;
; SOPCINFO_FILE                       ; nios_cpu/synthesis/../../nios_cpu.sopcinfo                                                                                                                                                                                                                                                                                                                                                                                                                                                               ; --            ; --          ; --         ;
; SPD_FILE                            ; system_pll.spd                                                                                                                                                                                                                                                                                                                                                                                                                                                                                           ; --            ; --          ; --         ;
; SYNTHESIS_ONLY_QIP                  ; On                                                                                                                                                                                                                                                                                                                                                                                                                                                                                                       ; --            ; --          ; --         ;
; SYNTHESIS_ONLY_QIP                  ; On                                                                                                                                                                                                                                                                                                                                                                                                                                                                                                       ; --            ; --          ; --         ;
; VHDL_INPUT_VERSION                  ; VHDL_2008                                                                                                                                                                                                                                                                                                                                                                                                                                                                                                ; VHDL_1993     ; --          ; --         ;
; VHDL_SHOW_LMF_MAPPING_MESSAGES      ; Off                                                                                                                                                                                                                                                                                                                                                                                                                                                                                                      ; --            ; --          ; --         ;
+-------------------------------------+----------------------------------------------------------------------------------------------------------------------------------------------------------------------------------------------------------------------------------------------------------------------------------------------------------------------------------------------------------------------------------------------------------------------------------------------------------------------------------------------------------+---------------+-------------+------------+


+--------------------------------------------------------------------------------------------------------------------------+
; Flow Elapsed Time                                                                                                        ;
+----------------------+--------------+-------------------------+---------------------+------------------------------------+
; Module Name          ; Elapsed Time ; Average Processors Used ; Peak Virtual Memory ; Total CPU Time (on all processors) ;
+----------------------+--------------+-------------------------+---------------------+------------------------------------+
; Analysis & Synthesis ; 00:04:10     ; 1.1                     ; 5859 MB             ; 00:05:09                           ;
; Fitter               ; 00:20:40     ; 1.1                     ; 7164 MB             ; 00:34:16                           ;
; Assembler            ; 00:00:27     ; 1.0                     ; 5160 MB             ; 00:00:26                           ;
; Timing Analyzer      ; 00:02:44     ; 1.7                     ; 6107 MB             ; 00:03:48                           ;
; Total                ; 00:28:01     ; --                      ; --                  ; 00:43:39                           ;
+----------------------+--------------+-------------------------+---------------------+------------------------------------+


+------------------------------------------------------------------------------------+
; Flow OS Summary                                                                    ;
+----------------------+------------------+------------+------------+----------------+
; Module Name          ; Machine Hostname ; OS Name    ; OS Version ; Processor type ;
+----------------------+------------------+------------+------------+----------------+
; Analysis & Synthesis ; 1255SJLAPTOP     ; Windows 10 ; 10.0       ; x86_64         ;
; Fitter               ; 1255SJLAPTOP     ; Windows 10 ; 10.0       ; x86_64         ;
; Assembler            ; 1255SJLAPTOP     ; Windows 10 ; 10.0       ; x86_64         ;
; Timing Analyzer      ; 1255SJLAPTOP     ; Windows 10 ; 10.0       ; x86_64         ;
+----------------------+------------------+------------+------------+----------------+


------------
; Flow Log ;
------------
quartus_map --read_settings_files=on --write_settings_files=off bladerf_micro -c trobina_controller
quartus_fit --read_settings_files=off --write_settings_files=off bladerf_micro -c trobina_controller
quartus_asm --read_settings_files=off --write_settings_files=off bladerf_micro -c trobina_controller
quartus_sta bladerf_micro -c trobina_controller



